Archive member included because of file (symbol)

./../Libraries/WiFi/TI/../BCDS_Customization/debug/libWifiLib_efm32_debug.a(netapp.o)
                              C:/XDK-Workbench/workspace/PostSensorDataMqtt/debug/objects/paho/XDK/mqttXDK.o (sl_NetAppDnsGetHostByName)
./../Libraries/WiFi/TI/../BCDS_Customization/debug/libWifiLib_efm32_debug.a(socket.o)
                              C:/XDK-Workbench/workspace/PostSensorDataMqtt/debug/objects/paho/XDK/mqttXDK.o (sl_Socket)
./../Libraries/WiFi/TI/../BCDS_Customization/debug/libWifiLib_efm32_debug.a(driver.o)
                              ./../Libraries/WiFi/TI/../BCDS_Customization/debug/libWifiLib_efm32_debug.a(netapp.o) (_SlDrvProtectAsyncRespSetting)
./../Libraries/WiFi/TI/../BCDS_Customization/debug/libWifiLib_efm32_debug.a(device.o)
                              ./../Libraries/WiFi/TI/../BCDS_Customization/debug/libWifiLib_efm32_debug.a(driver.o) (_sl_HandleAsync_Stop)
./../Platform/Wlan/debug/libWlan_efm32_debug.a(NetworkConfig.o)
                              ./../Libraries/WiFi/TI/../BCDS_Customization/debug/libWifiLib_efm32_debug.a(driver.o) (NetworkConfig_SlNetAppEvtHdlr)
./../Platform/Wlan/debug/libWlan_efm32_debug.a(WlanConnect.o)
                              ./../Libraries/WiFi/TI/../BCDS_Customization/debug/libWifiLib_efm32_debug.a(driver.o) (WlanConnect_SlGeneralEventHdlr)
./../Platform/Wlan/debug/libWlan_efm32_debug.a(WlanDriver.o)
                              ./../Platform/Wlan/debug/libWlan_efm32_debug.a(WlanConnect.o) (WlanDriver_Init)
./../Platform/ServalPAL_WiFi/release/libServalPalWifi_efm32.a(PAL_ip_cc.o)
                              C:/XDK-Workbench/workspace/PostSensorDataMqtt/debug/objects/SendData.o (Ip_convertAddrToString)
./../Platform/Sensors/debug/libSensors_efm32_debug.a(Environmental.o)
                              C:/XDK-Workbench/workspace/PostSensorDataMqtt/debug/objects/Sensors.o (Environmental_init)
./../Platform/Sensors/debug/libSensors_efm32_debug.a(Gyroscope.o)
                              C:/XDK-Workbench/workspace/PostSensorDataMqtt/debug/objects/Sensors.o (Gyroscope_init)
./../Platform/Sensors/debug/libSensors_efm32_debug.a(Accelerometer.o)
                              C:/XDK-Workbench/workspace/PostSensorDataMqtt/debug/objects/Sensors.o (Accelerometer_init)
./../Platform/Sensors/debug/libSensors_efm32_debug.a(LightSensor.o)
                              C:/XDK-Workbench/workspace/PostSensorDataMqtt/debug/objects/Sensors.o (LightSensor_init)
./../Platform/Sensors/debug/libSensors_efm32_debug.a(Magnetometer.o)
                              C:/XDK-Workbench/workspace/PostSensorDataMqtt/debug/objects/Sensors.o (Magnetometer_init)
./../Platform/Sensors/debug/libSensors_efm32_debug.a(SensorErrorType.o)
                              C:/XDK-Workbench/workspace/PostSensorDataMqtt/debug/objects/Sensors.o (BCDS_getSensorErrorCode)
./../Platform/SensorUtils/debug/libSensorUtils_efm32_debug.a(Bma280Utils.o)
                              ./../Platform/Sensors/debug/libSensors_efm32_debug.a(Accelerometer.o) (Bma280Utils_initialize)
./../Platform/SensorUtils/debug/libSensorUtils_efm32_debug.a(AxisRemap.o)
                              ./../Platform/SensorUtils/debug/libSensorUtils_efm32_debug.a(Bma280Utils.o) (AxisRemap_remapSensorData)
./../Platform/SensorUtils/debug/libSensorUtils_efm32_debug.a(Bmi160Utils.o)
                              ./../Platform/Sensors/debug/libSensors_efm32_debug.a(Gyroscope.o) (Bmi160Utils_initialize)
./../Platform/SensorUtils/debug/libSensorUtils_efm32_debug.a(Bmg160Utils.o)
                              ./../Platform/Sensors/debug/libSensors_efm32_debug.a(Gyroscope.o) (Bmg160Utils_initialize)
./../Platform/SensorUtils/debug/libSensorUtils_efm32_debug.a(Bme280Utils.o)
                              ./../Platform/Sensors/debug/libSensors_efm32_debug.a(Environmental.o) (Bme280Utils_initialize)
./../Platform/SensorUtils/debug/libSensorUtils_efm32_debug.a(Bmm150Utils.o)
                              ./../Platform/Sensors/debug/libSensors_efm32_debug.a(Magnetometer.o) (Bmm150Utils_initialize)
./../Platform/SensorUtils/debug/libSensorUtils_efm32_debug.a(Max44009Utils.o)
                              ./../Platform/Sensors/debug/libSensors_efm32_debug.a(LightSensor.o) (Max44009Utils_initialize)
./../Libraries/FreeRTOS/FreeRTOS/../BCDS_Customization/debug/libFreeRTOS_efm32_debug.a(queue.o)
                              ./../Platform/Wlan/debug/libWlan_efm32_debug.a(WlanDriver.o) (xQueueGenericCreate)
./../Libraries/FreeRTOS/FreeRTOS/../BCDS_Customization/debug/libFreeRTOS_efm32_debug.a(tasks.o)
                              ./../Platform/SensorToolbox/release/libSensorToolbox.a (xTaskGenericCreate)
./../Libraries/FreeRTOS/FreeRTOS/../BCDS_Customization/debug/libFreeRTOS_efm32_debug.a(timers.o)
                              ./../Libraries/FreeRTOS/FreeRTOS/../BCDS_Customization/debug/libFreeRTOS_efm32_debug.a(tasks.o) (xTimerCreateTimerTask)
[...]
Memory Configuration

Name             Origin             Length             Attributes
FLASH            0x00010000         0x000f0000         xr
RAM              0x20000000         0x00020000         xrw
*default*        0x00000000         0xffffffff

Linker script and memory map

LOAD c:/xdk-workbench/armgcc/bin/../lib/gcc/arm-none-eabi/4.7.4/armv7-m/crti.o
LOAD c:/xdk-workbench/armgcc/bin/../lib/gcc/arm-none-eabi/4.7.4/armv7-m/crtbegin.o
LOAD c:/xdk-workbench/armgcc/bin/../lib/gcc/arm-none-eabi/4.7.4/../../../../arm-none-eabi/lib/armv7-m/crt0.o
LOAD C:/XDK-Workbench/workspace/PostSensorDataMqtt/debug/objects/./../Platform/Utils/source/RSM_retargetStdioMessage/retargetio.o
LOAD C:/XDK-Workbench/workspace/PostSensorDataMqtt/debug/objects/./../Libraries/EMlib/EMLib/usb/src/em_usbdint.o
LOAD C:/XDK-Workbench/workspace/PostSensorDataMqtt/debug/objects/main.o
LOAD C:/XDK-Workbench/workspace/PostSensorDataMqtt/debug/objects/SendData.o
LOAD C:/XDK-Workbench/workspace/PostSensorDataMqtt/debug/objects/Sensors.o
LOAD C:/XDK-Workbench/workspace/PostSensorDataMqtt/debug/objects/paho/XDK/mqttXDK.o
LOAD C:/XDK-Workbench/workspace/PostSensorDataMqtt/debug/objects/paho/MQTTClient.o
LOAD C:/XDK-Workbench/workspace/PostSensorDataMqtt/debug/objects/paho/MQTTConnectClient.o
LOAD C:/XDK-Workbench/workspace/PostSensorDataMqtt/debug/objects/paho/MQTTConnectServer.o
LOAD C:/XDK-Workbench/workspace/PostSensorDataMqtt/debug/objects/paho/MQTTDeserializePublish.o
LOAD C:/XDK-Workbench/workspace/PostSensorDataMqtt/debug/objects/paho/MQTTFormat.o
LOAD C:/XDK-Workbench/workspace/PostSensorDataMqtt/debug/objects/paho/MQTTPacket.o
LOAD C:/XDK-Workbench/workspace/PostSensorDataMqtt/debug/objects/paho/MQTTSerializePublish.o
LOAD C:/XDK-Workbench/workspace/PostSensorDataMqtt/debug/objects/paho/MQTTSubscribeClient.o
LOAD C:/XDK-Workbench/workspace/PostSensorDataMqtt/debug/objects/paho/MQTTSubscribeServer.o
LOAD C:/XDK-Workbench/workspace/PostSensorDataMqtt/debug/objects/paho/MQTTUnsubscribeClient.o
LOAD C:/XDK-Workbench/workspace/PostSensorDataMqtt/debug/objects/paho/MQTTUnsubscribeServer.o
LOAD C:/XDK-Workbench/workspace/PostSensorDataMqtt/debug/objects/startup_efm32gg.o
START GROUP
LOAD ./../Platform/SensorToolbox/release/libSensorToolbox.a
LOAD ./../Libraries/WiFi/TI/../BCDS_Customization/debug/libWifiLib_efm32_debug.a
LOAD ./../Platform/Wlan/debug/libWlan_efm32_debug.a
LOAD ./../Libraries/ServalStack/BCDS_Customization/release/libServalStack_efm32.a
LOAD ./../Platform/ServalPAL_WiFi/release/libServalPalWifi_efm32.a
LOAD ./../Platform/MiscDrivers/debug/libMiscDrivers_efm32_debug.a
LOAD ./../Platform/BLE/debug/libBLE_efm32_debug.a
LOAD ./../Platform/Sensors/debug/libSensors_efm32_debug.a
LOAD ./../Platform/SensorUtils/debug/libSensorUtils_efm32_debug.a
LOAD ./../Libraries/FreeRTOS/FreeRTOS/../BCDS_Customization/debug/libFreeRTOS_efm32_debug.a
LOAD ./../Platform/Peripherals/debug/libPeripherals_efm32_debug.a
LOAD ./../Libraries/EMlib/EMLib/../BCDS_Customization/debug/libEMLib_efm32_debug.a
LOAD ./../Libraries/BSTLib/BST_Github/../BCDS_Customization/debug/libBSTLib_efm32_debug.a
LOAD ../Common/debug/XDKCommon_efm32_debug.a
LOAD ./../Platform/Utils/debug/libUtils_efm32_debug.a
LOAD ./../Platform/Basics/debug/libBasics_efm32_debug.a
LOAD ./../Platform/SensorDrivers/debug/libSensorDrivers_efm32_debug.a
LOAD ./../Platform/Power/debug/libPOWER_efm32_debug.a
LOAD ./../Platform/SensorDrivers/debug/libSensorDrivers_efm32_debug.a
LOAD ./../Libraries/FATfs/BCDS_Customization/debug/libFATfs_efm32_debug.a
LOAD ./../Platform/FOTA/debug/libFOTA_efm32_debug.a
LOAD ./../Libraries/Escrypt_CycurTLS/CycurTLS/src/cycurlib/../../../BCDS_Customization/release/libCYCURTLS_efm32.a
LOAD ./../Libraries/BLEStack/Alpwise/Core_Stack/Libraries/BLESW_CoreStack_CM3.a
LOAD ./../Libraries/BLEStack/Alpwise/Service/Data_Exchange_Service/Libraries/BLESW_ALPWDEP_Server_CM3.a
LOAD ./../Libraries/BLEStack/Alpwise/Core_Stack/Libraries/BLESW_ALPWDES_CM3.a
LOAD ./../Libraries/BLEStack/Alpwise/Service/BLESW_AlertNotification/Libraries/BLESW_ANP_Server_CM3.a
LOAD ./../Libraries/BLEStack/Alpwise/Core_Stack/Libraries/BLESW_ANS_CM3.a
LOAD ./../Libraries/BLEStack/Alpwise/Service/BLESW_BloodPressure/Libraries/BLESW_BLP_Sensor_CM3.a
LOAD ./../Libraries/BLEStack/Alpwise/Core_Stack/Libraries/BLESW_BLS_CM3.a
LOAD ./../Libraries/BLEStack/Alpwise/Service/BLESW_CyclingPower/Libraries/BLESW_CPP_Sensor_CM3.a
LOAD ./../Libraries/BLEStack/Alpwise/Core_Stack/Libraries/BLESW_CPS_CM3.a
LOAD ./../Libraries/BLEStack/Alpwise/Service/BLESW_CyclingSpeedAndCadence/Libraries/BLESW_CSCP_Sensor_CM3.a
LOAD ./../Libraries/BLEStack/Alpwise/Core_Stack/Libraries/BLESW_CSCS_CM3.a
LOAD ./../Libraries/BLEStack/Alpwise/Service/BLESW_Glucose/Libraries/BLESW_GLP_Sensor_CM3.a
LOAD ./../Libraries/BLEStack/Alpwise/Core_Stack/Libraries/BLESW_GLS_CM3.a
LOAD ./../Libraries/BLEStack/Alpwise/Service/BLESW_HealthThermometer/Libraries/BLESW_HTP_Thermometer_CM3.a
LOAD ./../Libraries/BLEStack/Alpwise/Core_Stack/Libraries/BLESW_HTS_CM3.a
LOAD ./../Libraries/BLEStack/Alpwise/Service/BLESW_HeartRate/Libraries/BLESW_HRP_Sensor_CM3.a
LOAD ./../Libraries/BLEStack/Alpwise/Core_Stack/Libraries/BLESW_HRS_CM3.a
LOAD ./../Libraries/BLEStack/Alpwise/Service/BLESW_HumanInterfaceDevice/Libraries/BLESW_HID_Host_CM3.a
LOAD ./../Libraries/BLEStack/Alpwise/Core_Stack/Libraries/BLESW_HIDS_CM3.a
LOAD ./../Libraries/BLEStack/Alpwise/Service/BLESW_LocationAndNavigation/Libraries/BLESW_LNP_Sensor_CM3.a
LOAD ./../Libraries/BLEStack/Alpwise/Core_Stack/Libraries/BLESW_LNS_CM3.a
LOAD ./../Libraries/BLEStack/Alpwise/Service/BLESW_NetworkAvailability/Libraries/BLESW_NWAP_Reporter_CM3.a
LOAD ./../Libraries/BLEStack/Alpwise/Core_Stack/Libraries/BLESW_NWAS_CM3.a
LOAD ./../Libraries/BLEStack/Alpwise/Service/BLESW_PhoneAlertStatus/Libraries/BLESW_PASP_Server_CM3.a
LOAD ./../Libraries/BLEStack/Alpwise/Core_Stack/Libraries/BLESW_PASS_CM3.a
LOAD ./../Libraries/BLEStack/Alpwise/Service/BLESW_RunningSpeedAndCadence/Libraries/BLESW_RSCP_Sensor_CM3.a
LOAD ./../Libraries/BLEStack/Alpwise/Core_Stack/Libraries/BLESW_RSCS_CM3.a
LOAD ./../Libraries/EMlib/EMLib/CMSIS/Lib/GCC/libarm_cortexM3l_math.a
END GROUP
START GROUP
LOAD c:/xdk-workbench/armgcc/bin/../lib/gcc/arm-none-eabi/4.7.4/armv7-m\libgcc.a
LOAD c:/xdk-workbench/armgcc/bin/../lib/gcc/arm-none-eabi/4.7.4/../../../../arm-none-eabi/lib/armv7-m\libc.a
LOAD c:/xdk-workbench/armgcc/bin/../lib/gcc/arm-none-eabi/4.7.4/../../../../arm-none-eabi/lib/armv7-m\libm.a
END GROUP
START GROUP
LOAD c:/xdk-workbench/armgcc/bin/../lib/gcc/arm-none-eabi/4.7.4/armv7-m\libgcc.a
LOAD c:/xdk-workbench/armgcc/bin/../lib/gcc/arm-none-eabi/4.7.4/../../../../arm-none-eabi/lib/armv7-m\libc.a
END GROUP
LOAD c:/xdk-workbench/armgcc/bin/../lib/gcc/arm-none-eabi/4.7.4/armv7-m/crtend.o
LOAD c:/xdk-workbench/armgcc/bin/../lib/gcc/arm-none-eabi/4.7.4/armv7-m/crtn.o

.text           0x00010000    0x407cc
 *(.isr_vector)
 .isr_vector    0x00010000      0x100 C:/XDK-Workbench/workspace/PostSensorDataMqtt/debug/objects/startup_efm32gg.o
                0x00010000                __isr_vector
 *(.text*)
 .text          0x00010100       0x54 c:/xdk-workbench/armgcc/bin/../lib/gcc/arm-none-eabi/4.7.4/armv7-m/crtbegin.o
 .text          0x00010154       0x70 c:/xdk-workbench/armgcc/bin/../lib/gcc/arm-none-eabi/4.7.4/../../../../arm-none-eabi/lib/armv7-m/crt0.o
                0x00010154                _start
                0x00010154                start
                0x00010154                _mainCRTStartup
 .text._close   0x000101c4       0x18 C:/XDK-Workbench/workspace/PostSensorDataMqtt/debug/objects/./../Platform/Utils/source/RSM_retargetStdioMessage/retargetio.o
                0x000101c4                _close
 .text._exit    0x000101dc        0xc C:/XDK-Workbench/workspace/PostSensorDataMqtt/debug/objects/./../Platform/Utils/source/RSM_retargetStdioMessage/retargetio.o
                0x000101dc                _exit
 .text._fstat   0x000101e8       0x24 C:/XDK-Workbench/workspace/PostSensorDataMqtt/debug/objects/./../Platform/Utils/source/RSM_retargetStdioMessage/retargetio.o
                0x000101e8                _fstat
 .text._getpid  0x0001020c       0x10 C:/XDK-Workbench/workspace/PostSensorDataMqtt/debug/objects/./../Platform/Utils/source/RSM_retargetStdioMessage/retargetio.o
                0x0001020c                _getpid
 .text._isatty  0x0001021c       0x18 C:/XDK-Workbench/workspace/PostSensorDataMqtt/debug/objects/./../Platform/Utils/source/RSM_retargetStdioMessage/retargetio.o
                0x0001021c                _isatty
 .text._kill    0x00010234       0x1c C:/XDK-Workbench/workspace/PostSensorDataMqtt/debug/objects/./../Platform/Utils/source/RSM_retargetStdioMessage/retargetio.o
                0x00010234                _kill
 .text._lseek   0x00010250       0x1c C:/XDK-Workbench/workspace/PostSensorDataMqtt/debug/objects/./../Platform/Utils/source/RSM_retargetStdioMessage/retargetio.o
                0x00010250                _lseek
 .text._read    0x0001026c       0x70 C:/XDK-Workbench/workspace/PostSensorDataMqtt/debug/objects/./../Platform/Utils/source/RSM_retargetStdioMessage/retargetio.o
                0x0001026c                _read
 .text._sbrk    0x000102dc       0xa0 C:/XDK-Workbench/workspace/PostSensorDataMqtt/debug/objects/./../Platform/Utils/source/RSM_retargetStdioMessage/retargetio.o
                0x000102dc                _sbrk
 .text._write   0x0001037c       0x20 C:/XDK-Workbench/workspace/PostSensorDataMqtt/debug/objects/./../Platform/Utils/source/RSM_retargetStdioMessage/retargetio.o
                0x0001037c                _write
 .text.INT_Disable
                0x0001039c       0x40 C:/XDK-Workbench/workspace/PostSensorDataMqtt/debug/objects/./../Libraries/EMlib/EMLib/usb/src/em_usbdint.o
 .text.INT_Enable
                0x000103dc       0x54 C:/XDK-Workbench/workspace/PostSensorDataMqtt/debug/objects/./../Libraries/EMlib/EMLib/usb/src/em_usbdint.o
 .text.USBHAL_FlushTxFifo
                0x00010430       0x4c C:/XDK-Workbench/workspace/PostSensorDataMqtt/debug/objects/./../Libraries/EMlib/EMLib/usb/src/em_usbdint.o
 .text.USBHAL_GetCoreInts
                0x0001047c       0x40 C:/XDK-Workbench/workspace/PostSensorDataMqtt/debug/objects/./../Libraries/EMlib/EMLib/usb/src/em_usbdint.o
 .text.USBDHAL_EnableInts
                0x000104bc       0x70 C:/XDK-Workbench/workspace/PostSensorDataMqtt/debug/objects/./../Libraries/EMlib/EMLib/usb/src/em_usbdint.o
 .text.USBDHAL_Ep0Activate
                0x0001052c       0x70 C:/XDK-Workbench/workspace/PostSensorDataMqtt/debug/objects/./../Libraries/EMlib/EMLib/usb/src/em_usbdint.o
 .text.USBDHAL_GetAllInEpInts
                0x0001059c       0x48 C:/XDK-Workbench/workspace/PostSensorDataMqtt/debug/objects/./../Libraries/EMlib/EMLib/usb/src/em_usbdint.o
 .text.USBDHAL_GetAllOutEpInts
                0x000105e4       0x44 C:/XDK-Workbench/workspace/PostSensorDataMqtt/debug/objects/./../Libraries/EMlib/EMLib/usb/src/em_usbdint.o
 .text.USBDHAL_GetInEpInts
                0x00010628       0x44 C:/XDK-Workbench/workspace/PostSensorDataMqtt/debug/objects/./../Libraries/EMlib/EMLib/usb/src/em_usbdint.o
 .text.USBDHAL_GetOutEpInts
                0x0001066c       0x44 C:/XDK-Workbench/workspace/PostSensorDataMqtt/debug/objects/./../Libraries/EMlib/EMLib/usb/src/em_usbdint.o
 .text.USBDHAL_StartEp0Setup
                0x000106b0       0x88 C:/XDK-Workbench/workspace/PostSensorDataMqtt/debug/objects/./../Libraries/EMlib/EMLib/usb/src/em_usbdint.o
 .text.USBD_GetEpFromAddr
                0x00010738       0xa0 C:/XDK-Workbench/workspace/PostSensorDataMqtt/debug/objects/./../Libraries/EMlib/EMLib/usb/src/em_usbdint.o
 .text.USB_IRQHandler
                0x000107d8      0x16c C:/XDK-Workbench/workspace/PostSensorDataMqtt/debug/objects/./../Libraries/EMlib/EMLib/usb/src/em_usbdint.o
                0x000107d8                USB_IRQHandler
 .text.Handle_USB_GINTSTS_ENUMDONE
                0x00010944       0x3c C:/XDK-Workbench/workspace/PostSensorDataMqtt/debug/objects/./../Libraries/EMlib/EMLib/usb/src/em_usbdint.o
 .text.Handle_USB_GINTSTS_IEPINT
                0x00010980      0x118 C:/XDK-Workbench/workspace/PostSensorDataMqtt/debug/objects/./../Libraries/EMlib/EMLib/usb/src/em_usbdint.o
 .text.Handle_USB_GINTSTS_OEPINT
                0x00010a98      0x230 C:/XDK-Workbench/workspace/PostSensorDataMqtt/debug/objects/./../Libraries/EMlib/EMLib/usb/src/em_usbdint.o
 .text.Handle_USB_GINTSTS_RESETDET
                0x00010cc8       0x40 C:/XDK-Workbench/workspace/PostSensorDataMqtt/debug/objects/./../Libraries/EMlib/EMLib/usb/src/em_usbdint.o
 .text.Handle_USB_GINTSTS_SOF
                0x00010d08       0x64 C:/XDK-Workbench/workspace/PostSensorDataMqtt/debug/objects/./../Libraries/EMlib/EMLib/usb/src/em_usbdint.o
 .text.Handle_USB_GINTSTS_USBRST
                0x00010d6c      0x150 C:/XDK-Workbench/workspace/PostSensorDataMqtt/debug/objects/./../Libraries/EMlib/EMLib/usb/src/em_usbdint.o
 .text.Handle_USB_GINTSTS_USBSUSP
                0x00010ebc       0x68 C:/XDK-Workbench/workspace/PostSensorDataMqtt/debug/objects/./../Libraries/EMlib/EMLib/usb/src/em_usbdint.o
 .text.Handle_USB_GINTSTS_WKUPINT
                0x00010f24       0x30 C:/XDK-Workbench/workspace/PostSensorDataMqtt/debug/objects/./../Libraries/EMlib/EMLib/usb/src/em_usbdint.o
 .text.main     0x00010f54       0x10 C:/XDK-Workbench/workspace/PostSensorDataMqtt/debug/objects/main.o
                0x00010f54                main
 .text.init     0x00010f64      0x148 C:/XDK-Workbench/workspace/PostSensorDataMqtt/debug/objects/SendData.o
                0x00010f64                init
 .text.appInitSystem
                0x000110ac       0x20 C:/XDK-Workbench/workspace/PostSensorDataMqtt/debug/objects/SendData.o
                0x000110ac                appInitSystem
 .text.sampleNoiseSensor
                0x000110cc       0x1c C:/XDK-Workbench/workspace/PostSensorDataMqtt/debug/objects/SendData.o
 .text.sampleAndStoreSensorData
                0x000110e8       0x44 C:/XDK-Workbench/workspace/PostSensorDataMqtt/debug/objects/SendData.o
 .text.sendMqttData
                0x0001112c       0xac C:/XDK-Workbench/workspace/PostSensorDataMqtt/debug/objects/SendData.o
                0x0001112c                sendMqttData
 .text.bsdUdpClient
                0x000111d8      0x170 C:/XDK-Workbench/workspace/PostSensorDataMqtt/debug/objects/SendData.o
 .text.wifiSend
                0x00011348       0x30 C:/XDK-Workbench/workspace/PostSensorDataMqtt/debug/objects/SendData.o
 .text.wifiConnectGetIP
                0x00011378      0x208 C:/XDK-Workbench/workspace/PostSensorDataMqtt/debug/objects/SendData.o
 .text.clientInit
                0x00011580       0xd8 C:/XDK-Workbench/workspace/PostSensorDataMqtt/debug/objects/SendData.o
                0x00011580                clientInit
 .text.GPIO_PinOutSet
                0x00011658       0x4c C:/XDK-Workbench/workspace/PostSensorDataMqtt/debug/objects/Sensors.o
 .text.printSensorError
                0x000116a4       0x94 C:/XDK-Workbench/workspace/PostSensorDataMqtt/debug/objects/Sensors.o
 .text.accelerometerSensorInit
                0x00011738       0x70 C:/XDK-Workbench/workspace/PostSensorDataMqtt/debug/objects/Sensors.o
                0x00011738                accelerometerSensorInit
 .text.readAccelerometerData
                0x000117a8       0xb0 C:/XDK-Workbench/workspace/PostSensorDataMqtt/debug/objects/Sensors.o
                0x000117a8                readAccelerometerData
 .text.gyroSensorInit
                0x00011858       0x70 C:/XDK-Workbench/workspace/PostSensorDataMqtt/debug/objects/Sensors.o
                0x00011858                gyroSensorInit
 .text.readGyroData
                0x000118c8       0x64 C:/XDK-Workbench/workspace/PostSensorDataMqtt/debug/objects/Sensors.o
                0x000118c8                readGyroData
 .text.lightsensorInit
                0x0001192c       0x88 C:/XDK-Workbench/workspace/PostSensorDataMqtt/debug/objects/Sensors.o
                0x0001192c                lightsensorInit
 .text.setLightSensorRegisters
                0x000119b4       0x70 C:/XDK-Workbench/workspace/PostSensorDataMqtt/debug/objects/Sensors.o
 .text.readLightSensor
                0x00011a24       0x64 C:/XDK-Workbench/workspace/PostSensorDataMqtt/debug/objects/Sensors.o
                0x00011a24                readLightSensor
 .text.noiseSensorInit
                0x00011a88       0x90 C:/XDK-Workbench/workspace/PostSensorDataMqtt/debug/objects/Sensors.o
                0x00011a88                noiseSensorInit
 .text.readNoiseSensor
                0x00011b18       0x4c C:/XDK-Workbench/workspace/PostSensorDataMqtt/debug/objects/Sensors.o
                0x00011b18                readNoiseSensor
 .text.magnetometerSensorInit
                0x00011b64       0xc8 C:/XDK-Workbench/workspace/PostSensorDataMqtt/debug/objects/Sensors.o
                0x00011b64                magnetometerSensorInit
 .text.readMagnetometerSensor
                0x00011c2c       0x5c C:/XDK-Workbench/workspace/PostSensorDataMqtt/debug/objects/Sensors.o
                0x00011c2c                readMagnetometerSensor
 .text.environmentSensorInit
                0x00011c88       0x70 C:/XDK-Workbench/workspace/PostSensorDataMqtt/debug/objects/Sensors.o
                0x00011c88                environmentSensorInit
 .text.readEnvironmentSensor
                0x00011cf8       0x64 C:/XDK-Workbench/workspace/PostSensorDataMqtt/debug/objects/Sensors.o
                0x00011cf8                readEnvironmentSensor
 .text.orientationSensorInit
                0x00011d5c       0x70 C:/XDK-Workbench/workspace/PostSensorDataMqtt/debug/objects/Sensors.o
                0x00011d5c                orientationSensorInit
 .text.expired  0x00011dcc       0x2c C:/XDK-Workbench/workspace/PostSensorDataMqtt/debug/objects/paho/XDK/mqttXDK.o
                0x00011dcc                expired
 .text.countdown_ms
                0x00011df8       0x24 C:/XDK-Workbench/workspace/PostSensorDataMqtt/debug/objects/paho/XDK/mqttXDK.o
                0x00011df8                countdown_ms
 .text.countdown
                0x00011e1c       0x2c C:/XDK-Workbench/workspace/PostSensorDataMqtt/debug/objects/paho/XDK/mqttXDK.o
                0x00011e1c                countdown
 .text.left_ms  0x00011e48       0x2c C:/XDK-Workbench/workspace/PostSensorDataMqtt/debug/objects/paho/XDK/mqttXDK.o
                0x00011e48                left_ms
 .text.InitTimer
                0x00011e74       0x1c C:/XDK-Workbench/workspace/PostSensorDataMqtt/debug/objects/paho/XDK/mqttXDK.o
                0x00011e74                InitTimer
 .text.xdk_read
                0x00011e90       0xc8 C:/XDK-Workbench/workspace/PostSensorDataMqtt/debug/objects/paho/XDK/mqttXDK.o
                0x00011e90                xdk_read
 .text.xdk_write
                0x00011f58       0xa4 C:/XDK-Workbench/workspace/PostSensorDataMqtt/debug/objects/paho/XDK/mqttXDK.o
                0x00011f58                xdk_write
 .text.xdk_disconnect
                0x00011ffc       0x20 C:/XDK-Workbench/workspace/PostSensorDataMqtt/debug/objects/paho/XDK/mqttXDK.o
                0x00011ffc                xdk_disconnect
 .text.NewNetwork
                0x0001201c       0x40 C:/XDK-Workbench/workspace/PostSensorDataMqtt/debug/objects/paho/XDK/mqttXDK.o
                0x0001201c                NewNetwork
 .text.ConnectNetwork
                0x0001205c       0xc0 C:/XDK-Workbench/workspace/PostSensorDataMqtt/debug/objects/paho/XDK/mqttXDK.o
                0x0001205c                ConnectNetwork
 .text.NewMessageData
                0x0001211c       0x24 C:/XDK-Workbench/workspace/PostSensorDataMqtt/debug/objects/paho/MQTTClient.o
                0x0001211c                NewMessageData
 .text.getNextPacketId
                0x00012140       0x38 C:/XDK-Workbench/workspace/PostSensorDataMqtt/debug/objects/paho/MQTTClient.o
                0x00012140                getNextPacketId
 .text.sendPacket
                0x00012178       0x98 C:/XDK-Workbench/workspace/PostSensorDataMqtt/debug/objects/paho/MQTTClient.o
                0x00012178                sendPacket
 .text.MQTTClient
                0x00012210       0x88 C:/XDK-Workbench/workspace/PostSensorDataMqtt/debug/objects/paho/MQTTClient.o
                0x00012210                MQTTClient
 .text.decodePacket
                0x00012298       0xa0 C:/XDK-Workbench/workspace/PostSensorDataMqtt/debug/objects/paho/MQTTClient.o
                0x00012298                decodePacket
 .text.readPacket
                0x00012338       0xdc C:/XDK-Workbench/workspace/PostSensorDataMqtt/debug/objects/paho/MQTTClient.o
                0x00012338                readPacket
 .text.isTopicMatched
                0x00012414       0xe0 C:/XDK-Workbench/workspace/PostSensorDataMqtt/debug/objects/paho/MQTTClient.o
                0x00012414                isTopicMatched
 .text.deliverMessage
                0x000124f4       0xf4 C:/XDK-Workbench/workspace/PostSensorDataMqtt/debug/objects/paho/MQTTClient.o
                0x000124f4                deliverMessage
 .text.keepalive
                0x000125e8       0x94 C:/XDK-Workbench/workspace/PostSensorDataMqtt/debug/objects/paho/MQTTClient.o
                0x000125e8                keepalive
 .text.cycle    0x0001267c      0x1d8 C:/XDK-Workbench/workspace/PostSensorDataMqtt/debug/objects/paho/MQTTClient.o
                0x0001267c                cycle
 .text.MQTTYield
                0x00012854       0x64 C:/XDK-Workbench/workspace/PostSensorDataMqtt/debug/objects/paho/MQTTClient.o
                0x00012854                MQTTYield
 .text.waitfor  0x000128b8       0x40 C:/XDK-Workbench/workspace/PostSensorDataMqtt/debug/objects/paho/MQTTClient.o
                0x000128b8                waitfor
 .text.MQTTConnect
                0x000128f8      0x124 C:/XDK-Workbench/workspace/PostSensorDataMqtt/debug/objects/paho/MQTTClient.o
                0x000128f8                MQTTConnect
 .text.MQTTPublish
                0x00012a1c      0x198 C:/XDK-Workbench/workspace/PostSensorDataMqtt/debug/objects/paho/MQTTClient.o
                0x00012a1c                MQTTPublish
 .text.MQTTSerialize_connectLength
                0x00012bb4       0xe0 C:/XDK-Workbench/workspace/PostSensorDataMqtt/debug/objects/paho/MQTTConnectClient.o
                0x00012bb4                MQTTSerialize_connectLength
 .text.MQTTSerialize_connect
                0x00012c94      0x204 C:/XDK-Workbench/workspace/PostSensorDataMqtt/debug/objects/paho/MQTTConnectClient.o
                0x00012c94                MQTTSerialize_connect
 .text.MQTTDeserialize_connack
                0x00012e98       0xb8 C:/XDK-Workbench/workspace/PostSensorDataMqtt/debug/objects/paho/MQTTConnectClient.o
                0x00012e98                MQTTDeserialize_connack
 .text.MQTTSerialize_zero
                0x00012f50       0x7c C:/XDK-Workbench/workspace/PostSensorDataMqtt/debug/objects/paho/MQTTConnectClient.o
                0x00012f50                MQTTSerialize_zero
 .text.MQTTSerialize_pingreq
                0x00012fcc       0x24 C:/XDK-Workbench/workspace/PostSensorDataMqtt/debug/objects/paho/MQTTConnectClient.o
                0x00012fcc                MQTTSerialize_pingreq
 .text.MQTTDeserialize_publish
                0x00012ff0       0xec C:/XDK-Workbench/workspace/PostSensorDataMqtt/debug/objects/paho/MQTTDeserializePublish.o
                0x00012ff0                MQTTDeserialize_publish
 .text.MQTTDeserialize_ack
                0x000130dc       0xa0 C:/XDK-Workbench/workspace/PostSensorDataMqtt/debug/objects/paho/MQTTDeserializePublish.o
                0x000130dc                MQTTDeserialize_ack
 .text.MQTTPacket_encode
                0x0001317c       0x74 C:/XDK-Workbench/workspace/PostSensorDataMqtt/debug/objects/paho/MQTTPacket.o
                0x0001317c                MQTTPacket_encode
 .text.MQTTPacket_decode
                0x000131f0       0x88 C:/XDK-Workbench/workspace/PostSensorDataMqtt/debug/objects/paho/MQTTPacket.o
                0x000131f0                MQTTPacket_decode
 .text.MQTTPacket_len
                0x00013278       0x64 C:/XDK-Workbench/workspace/PostSensorDataMqtt/debug/objects/paho/MQTTPacket.o
                0x00013278                MQTTPacket_len
 .text.bufchar  0x000132dc       0x50 C:/XDK-Workbench/workspace/PostSensorDataMqtt/debug/objects/paho/MQTTPacket.o
                0x000132dc                bufchar
 .text.MQTTPacket_decodeBuf
                0x0001332c       0x30 C:/XDK-Workbench/workspace/PostSensorDataMqtt/debug/objects/paho/MQTTPacket.o
                0x0001332c                MQTTPacket_decodeBuf
 .text.readInt  0x0001335c       0x3c C:/XDK-Workbench/workspace/PostSensorDataMqtt/debug/objects/paho/MQTTPacket.o
                0x0001335c                readInt
 .text.readChar
                0x00013398       0x2c C:/XDK-Workbench/workspace/PostSensorDataMqtt/debug/objects/paho/MQTTPacket.o
                0x00013398                readChar
 .text.writeChar
                0x000133c4       0x2c C:/XDK-Workbench/workspace/PostSensorDataMqtt/debug/objects/paho/MQTTPacket.o
                0x000133c4                writeChar
 .text.writeInt
                0x000133f0       0x68 C:/XDK-Workbench/workspace/PostSensorDataMqtt/debug/objects/paho/MQTTPacket.o
                0x000133f0                writeInt
 .text.writeCString
                0x00013458       0x40 C:/XDK-Workbench/workspace/PostSensorDataMqtt/debug/objects/paho/MQTTPacket.o
                0x00013458                writeCString
 .text.writeMQTTString
                0x00013498       0x64 C:/XDK-Workbench/workspace/PostSensorDataMqtt/debug/objects/paho/MQTTPacket.o
                0x00013498                writeMQTTString
 .text.readMQTTLenString
                0x000134fc       0x6c C:/XDK-Workbench/workspace/PostSensorDataMqtt/debug/objects/paho/MQTTPacket.o
                0x000134fc                readMQTTLenString
 .text.MQTTstrlen
                0x00013568       0x38 C:/XDK-Workbench/workspace/PostSensorDataMqtt/debug/objects/paho/MQTTPacket.o
                0x00013568                MQTTstrlen
 .text.MQTTPacket_equals
                0x000135a0       0x78 C:/XDK-Workbench/workspace/PostSensorDataMqtt/debug/objects/paho/MQTTPacket.o
                0x000135a0                MQTTPacket_equals
 .text.MQTTSerialize_publishLength
                0x00013618       0x48 C:/XDK-Workbench/workspace/PostSensorDataMqtt/debug/objects/paho/MQTTSerializePublish.o
                0x00013618                MQTTSerialize_publishLength
 .text.MQTTSerialize_publish
                0x00013660      0x100 C:/XDK-Workbench/workspace/PostSensorDataMqtt/debug/objects/paho/MQTTSerializePublish.o
                0x00013660                MQTTSerialize_publish
 .text.MQTTSerialize_ack
                0x00013760       0xac C:/XDK-Workbench/workspace/PostSensorDataMqtt/debug/objects/paho/MQTTSerializePublish.o
                0x00013760                MQTTSerialize_ack
 .text          0x0001380c       0x98 C:/XDK-Workbench/workspace/PostSensorDataMqtt/debug/objects/startup_efm32gg.o
                0x0001380c                Reset_Handler
                0x00013840                Default_Handler
                0x00013842                NMI_Handler
                0x00013844                HardFault_Handler
                0x00013846                MemManage_Handler
                0x00013848                BusFault_Handler
                0x0001384a                UsageFault_Handler
                0x0001384e                DebugMon_Handler
                0x00013852                SysTick_Handler
                0x0001385e                ACMP0_IRQHandler
                0x00013862                ADC0_IRQHandler
                0x00013864                DAC0_IRQHandler
                0x0001386c                TIMER1_IRQHandler
                0x0001386e                TIMER2_IRQHandler
                0x00013870                TIMER3_IRQHandler
                0x00013876                LESENSE_IRQHandler
                0x00013888                LETIMER0_IRQHandler
                0x0001388a                PCNT0_IRQHandler
                0x0001388c                PCNT1_IRQHandler
                0x0001388e                PCNT2_IRQHandler
                0x00013892                BURTC_IRQHandler
                0x00013894                CMU_IRQHandler
                0x00013896                VCMP_IRQHandler
                0x00013898                LCD_IRQHandler
                0x0001389a                MSC_IRQHandler
                0x0001389c                AES_IRQHandler
                0x0001389e                EBI_IRQHandler
                0x000138a0                EMU_IRQHandler
 *fill*         0x000138a4        0x4 00
 .text          0x000138a8    0x120bc ./../Platform/SensorToolbox/release/libSensorToolbox.a
                0x000138a8                bsx_get_version
                0x000138bc                bsx_reset
                0x000138c0                bsx_dopreprocess
                0x00013a8c                bsx_docalibration
                0x00013e98                bsx_dousecase
                0x000141b0                bsx_dostep
                0x000141c4                bsx_get_hwdependency
                0x000142a4                bsx_get_calibrationcalltick
                0x000142b4                bsx_get_usecasecalltick
                0x000142c4                bsx_init_acc
                0x000143ac                bsx_setAccSensorSpec
                0x000143bc                bsx_set_accrange
                0x000143fc                bsx_get_accrange
                0x0001440c                bsx_set_accdatarate
                0x00014488                bsx_get_accdatarate
                0x00014498                bsx_set_acccalib_accuracythreshold
                0x000144a4                bsx_setAccConfiguration
                0x0001468c                bsx_set_acccalibprofile
                0x000146bc                bsx_get_acccalibprofile
                0x000146d0                bsx_reset_acccalib
                0x000146dc                bsx_set_stepdetectionopmode
                0x000146e4                bsx_get_accrawdata
                0x00014744                bsx_get_accoffset
                0x00014780                bsx_get_acccalibaccuracy
                0x00014784                bsx_get_accoffsets_mg
                0x000147a4                bsx_get_acccordata
                0x000147d4                bsx_init_mag
                0x000148e4                bsx_setMagSensorSpec
                0x00014904                bsx_set_magdatarate
                0x00014958                bsx_get_magdatarate
                0x00014968                bsx_setMagConfiguration
                0x00014bbc                bsx_set_magcalibprofile
                0x00014cd8                bsx_get_magcalibprofile
                0x00014f0c                bsx_set_workingmode
                0x000156d8                bsx_set_accdyn_distdetmode
                0x000156f0                bsx_get_magrawdata
                0x00015720                bsx_get_magcordata
                0x00015750                bsx_get_magcalibaccuracy
                0x000157b0                bsx_init_gyro
                0x000158bc                bsx_setGyroSensorSpec
                0x000158cc                bsx_set_gyrodatarate
                0x00015918                bsx_setGyroConfiguration
                0x00015b2c                bsx_set_gyrocalibprofile
                0x00015b74                bsx_get_gyrocalibprofile
                0x00015c30                bsx_get_gyrorawdata_rps
                0x00015c94                bsx_get_gyrocordata_rps
                0x00015cf8                bsx_get_gyrocalibaccuracy
                0x00015d10                bsx_set_orientcoordinatesystem
                0x00015d28                bsx_get_orientdata_quat
                0x00015da4                bsx_get_georotationvector_quat
                0x00015e54                bsx_get_geoheadingaccuracy_rad
                0x00015e84                bsx_get_orientdata_euler_rad
                0x00015ed4                bsx_get_orient_datastatus
                0x00015ef0                bsx_get_headingaccuracy_rad
                0x00015f0c                bsx_set_compass_accel_filternoise
                0x00015f20                bsx_set_compass_magnoise
                0x00015f34                bsx_set_compass_magfilterparam
                0x00015f44                bsx_setCompassConfiguration
                0x000160c4                bsx_get_significantmotiondetectionopmode
                0x000160cc                bsx_get_flipgesture_detecttime
                0x000160d8                bsx_set_flipgesture_detecttime
                0x00016114                bsx_setNdofConfiguration
                0x000161c4                bsx_setUseCaseConfig
                0x00016210                bsx_init_orient
                0x00016310                bsx_init
                0x00016658                bsx_calcorientaccuracy
                0x00016684                bsx_copyBytefromMemory
                0x00016764                bsx_crc
                0x00016818                genericaccspec_setSensorSpec
                0x000169c8                genericaccspec_setRange
                0x00016a40                genericaccspec_setDatarate
                0x00016abc                genericaccspec_setOpMode
                0x00016ac4                genericaccspec_getNoiseFactor
                0x00016acc                genericaccspec_getRange
                0x00016ad4                genericaccspec_getOpMode
                0x00016adc                genericaccspec_getDatarate
                0x00016ae4                genericaccspec_getSensorRmsNoise
                0x00016af4                genericaccspec_getOffsetErr
                0x00016afc                genericaccspec_getSensitivityErr
                0x00016b04                genericaccspec_getGVectorErrors
                0x00016b18                genericaccspec_getNoise
                0x00016b20                genericaccspec_getMaximumRange
                0x00016b34                genericaccspec_getMinDelay
                0x00016b70                genericaccspec_getName
                0x00016b78                genericaccspec_getPower
                0x00016b88                genericaccspec_getResolution
                0x00016b98                genericaccspec_getType
                0x00016ba0                genericaccspec_getVendor
                0x00016bac                genericaccspec_getVersion
                0x00016bb8                GENERICCLOCKDOMAIN_GetVersion
                0x00016bc8                GENERICCLOCKDOMAIN_Init
                0x00016bf4                GENERICCLOCKDOMAIN_Reset
                0x00016c20                GENERICCLOCKDOMAIN_DoStep
                0x00016d1c                GENERICCLOCKDOMAIN_GetSystemProcessingTimerTick
                0x00016d24                GENERICCLOCKDOMAIN_GetCalibProcessingTimerTick
                0x00016d2c                GENERICCLOCKDOMAIN_GetOrientProcessingTimerTick
                0x00016d34                GENERICCLOCKDOMAIN_SetOperationMode
                0x00016d58                GENERICCLOCKDOMAIN_SetSystemDatarate
                0x00016d74                GENERICCLOCKDOMAIN_SetCalibDatarate
                0x00016d90                GENERICCLOCKDOMAIN_SetOrientDatarate
                0x00016dac                GENERICCLOCKDOMAIN_SetObserverDatarate
                0x00016dc8                GENERICDATAPREPROC_GetVersion
                0x00016dd8                GENERICDATAPREPROC_Reset
                0x00016e2c                GENERICDATAPREPROC_DoStep
                0x00016f88                GENERICDATAPREPROC_SetConversionFactors
                0x00016f94                GENERICDATAPREPROC_SetOperationMode
                0x00016fa8                GENERICDATAPREPROC_SetDataCorrectionMode
                0x00016fb8                GENERICDATAPREPROC_SetOffsetParameter
                0x00016fe8                GENERICDATAPREPROC_SetSensitivityCorrectionMatrix
                0x00017020                GENERICDATAPREPROC_GetSensitivityCorrectionMatrix
                0x0001705c                GENERICDATAPREPROC_SetAxisRemapConfiguration
                0x00017154                GENERICDATAPREPROC_Init
                0x00017258                GENERICDATAPREPROC_SetDigitalFilter1Opmode
                0x0001726c                GENERICDATAPREPROC_SetDigitalFilter1Parameter
                0x00017284                GENERICDATAPREPROC_SetDigitalFilter2Opmode
                0x00017298                GENERICDATAPREPROC_SetDigitalFilter2Parameter
                0x000172a4                GENERICDATAPREPROC_SetDigitalFilter2NoiseLevel
                0x000172b0                GENERICDATAPREPROC_SetDigitalFilterIIRCoeff
                0x00017304                GENERICDATAPREPROC_GetRawData
                0x00017320                GENERICDATAPREPROC_GetSicData
                0x0001733c                GENERICDATAPREPROC_GetCorrectedData
                0x00017358                GENERICDATAPREPROC_GetFilteredData1
                0x00017374                GENERICDATAPREPROC_GetFilteredData2
                0x00017390                genericgyrospec_setSensorSpec
                0x00017434                genericgyrospec_setRange
                0x00017474                genericgyrospec_setDatarate
                0x000174b4                genericgyrospec_setOpMode
                0x000174bc                genericgyrospec_getRange
                0x000174c4                genericgyrospec_getOpMode
                0x000174cc                genericgyrospec_getDatarate
                0x000174d4                genericgyrospec_getMaximumRange
                0x000174e8                genericgyrospec_getMinDelay
                0x00017510                genericgyrospec_getName
                0x00017518                genericgyrospec_getPower
                0x00017528                genericgyrospec_getResolution
                0x00017538                genericgyrospec_getType
                0x00017540                genericgyrospec_getVendor
                0x00017548                genericgyrospec_getVersion
                0x00017550                genericmagspec_setSensorSpec
                0x00017680                genericmagspec_setRange
                0x000176a0                genericmagspec_setDatarate
                0x000176a8                genericmagspec_setOpMode
                0x000176b0                genericmagspec_getNoiseFactor
                0x000176b8                genericmagspec_getRange
                0x000176cc                genericmagspec_getOpMode
                0x000176d4                genericmagspec_getDatarate
                0x000176dc                genericmagspec_getSensorRmsNoise
                0x000176e4                genericmagspec_getMaximumRange
                0x000176f8                genericmagspec_getMinDelay
                0x00017718                genericmagspec_getName
                0x00017720                genericmagspec_getPower
                0x00017770                genericmagspec_getResolution
                0x00017778                genericmagspec_getType
                0x00017780                genericmagspec_getNoise
                0x00017788                genericmagspec_getVendor
                0x00017794                genericmagspec_getVersion
                0x000177a0                GENERICSENSORMANIPULATION_ConvertData2LsbXYZ
                0x00017900                GENERICSENSORMANIPULATION_ConvertLsb2DataXYZ
                0x00017940                GENERICSENSORMANIPULATION_ConvertData2DataXYZ
                0x00017974                GENERICSENSORMANIPULATION_DoOffsetCorrectionXYZ
                0x000179b0                GENERICSENSORMANIPULATION_DoDiagonalSensitivityCorrectionXYZ
                0x00017aa4                GENERICSENSORMANIPULATION_DoFullSensitivityCorrectionXYZ
                0x00017c1c                GENERICSENSORMANIPULATION_RemapSensorDataXYZ
                0x00017c78                MATRIX_Transpose
                0x00017d04                MATRIX_Multiply
                0x00017e28                MATRIX_Multiply_s32
                0x00017f14                MATRIX_Add
                0x00017f48                MATRIX_Subtract
                0x00017f7c                MATRIX_Identity
                0x00018004                MATRIX_Copy
                0x00018024                MATRIX_CopyFromMatIndex
                0x000180c0                MATRIX_Initialize
                0x000180dc                MATRIX_InitializeFixed
                0x000180f8                MATRIX_Initialize_s32
                0x00018114                MATRIX_Equal
                0x00018154                MATRIX_Mean
                0x00018200                MATRIX_ElementwiseDivide
                0x00018234                MATRIX_ElementwiseMultiply
                0x00018268                MATRIX_ElementwiseSqrt
                0x00018294                MATRIX_ElementwiseScalarDivision
                0x000182c8                MATRIX_ElementwiseScalarMultiply
                0x000182fc                MATRIX_ElementwiseScalarAdd
                0x00018330                MATRIX_ElementwiseScalarSubtract
                0x00018384                MATRIX_ElementwiseScalarPower
                0x0001842c                MATRIX_GaussJordanElimination
                0x000187b4                MATRIX_GaussElimination
                0x00018c04                MATRIX_Inverse
                0x00018e50                MATRIX_ElementwiseScalarPowerFixed
                0x00018ed8                MATRIX_MeanFixed
                0x00018f9c                MATRIX_AddFixed
                0x00018fc8                MATRIX_ElementwiseMultiplyFixed
                0x00018ff4                MATRIX_Diagonal
                0x000190c8                MATRIX_Absolute
                0x00019120                MATRIX_DiagonalSum
                0x00019190                ADVPREFILTER_Init
                0x000191b4                ADVPREFILTER_Run
                0x00019314                ADVPREFILTER_SetCoefficient
                0x0001932c                ADVPREFILTER_SetNoiseLevel
                0x00019334                THREECHANNELIIR1ORD_Init
                0x00019348                THREECHANNELIIR1ORD_Reset
                0x00019354                THREECHANNELIIR1ORD_Run
                0x000193dc                THREECHANNELIIR1ORD_SetCoefficient
                0x000193e4                COMPASSORIENT_GetVersion
                0x000193f4                COMPASSORIENT_DoStep
                0x00019958                COMPASSORIENT_SetOperationMode
                0x000199b8                COMPASSORIENT_GetOperationMode
                0x000199c4                COMPASSORIENT_SetAccNoise
                0x000199d0                COMPASSORIENT_GetAccNoise
                0x000199dc                COMPASSORIENT_SetMagNoise
                0x000199e8                COMPASSORIENT_GetMagNoise
                0x000199f4                COMPASSORIENT_SetOrientFilterMode
                0x00019a58                COMPASSORIENT_GetOrientFilterMode
                0x00019a64                COMPASSORIENT_SetOrientFilterCoeffCalcMode
                0x00019a6c                COMPASSORIENT_GetOrientFilterCoeffCalcMode
                0x00019a78                COMPASSORIENT_SetOrientFilterParameter
                0x00019ad8                COMPASSORIENT_SetAccelOrientFilterParameter
                0x00019b10                COMPASSORIENT_SetMagOrientFilterParameter
                0x00019b48                COMPASSORIENT_GetOrientFilterParameter
                0x00019b78                COMPASSORIENT_SetCompassOrientFilterParamArray
                0x00019bb4                COMPASSORIENT_SetM4GOrientFilterParamArray
                0x00019bf0                COMPASSORIENT_GetCompassQuaternion
                0x00019c50                COMPASSORIENT_SetCompassQuaternion
                0x00019cc0                COMPASSORIENT_GetCompassEuler
                0x00019d44                COMPASSORIENT_GetGVector
                0x00019ddc                COMPASSORIENT_GetDcm
                0x00019e48                COMPASSORIENT_calcAngularRate
                0x0001a080                COMPASSORIENT_getAngularRate
                0x0001a09c                COMPASSORIENT_setM4gAccDynThreshold
                0x0001a0a4                COMPASSORIENT_getM4gAccDynThreshold
                0x0001a0b0                COMPASSORIENT_estimateOrientHeadingAccuracy
                0x0001a190                COMPASSORIENT_getorientdata_heading_accuracy_Rad
                0x0001a19c                compassorient_resetAccAdaptFilter
                0x0001a1a8                compassorient_resetMagAdaptFilter
                0x0001a1b4                compassorient_m4gResetBuffer
                0x0001a208                COMPASSORIENT_Init
                0x0001a380                COMPASSORIENT_Reset
                0x0001a4f8                NDOFORIENT_Init
                0x0001a6fc                NDOFORIENT_Reset
                0x0001a73c                NDOFORIENT_Restart
                0x0001a758                NDOFORIENT_ResetObservationEngines
                0x0001a76c                NDOFORIENT_ResetOrientation
                0x0001a794                NDOFORIENT_ResetDeltaT
                0x0001a7ac                NDOFORIENT_SetOperationMode
                0x0001a7bc                NDOFORIENT_GetOperationMode
                0x0001a7d0                NDOFORIENT_SetDeltaT
                0x0001a808                NDOFORIENT_GetDeltaT
                0x0001a82c                NDOFORIENT_SetNdofParameterSettings
                0x0001ab48                NDOFORIENT_SetShakeCouplingSettings
                0x0001ab60                NDOFORIENT_SetAccelCouplingFactor
                0x0001ab74                NDOFORIENT_GetAccelCouplingFactor
                0x0001ab88                NDOFORIENT_SetAccelCouplingThreshold
                0x0001ab9c                NDOFORIENT_GetAccelCouplingThreshold
                0x0001abb0                NDOFORIENT_SetAccelCouplingDeltaThreshold
                0x0001abc4                NDOFORIENT_GetAccelCouplingDeltaThreshold
                0x0001abd8                NDOFORIENT_SetAccelCouplingTimerThreshold
                0x0001abec                NDOFORIENT_GetAccelCouplingTimerThreshold
                0x0001ac00                NDOFORIENT_SetAccelCouplingGyroRateThreshold
                0x0001ac14                NDOFORIENT_GetAccelCouplingGyroRateThreshold
                0x0001ac28                NDOFORIENT_SetMagnObservDistortionDetectionThreshold
                0x0001ac5c                NDOFORIENT_GetMagnObservDistortionDetectionThreshold
                0x0001ac70                NDOFORIENT_SetMagnObservDistortionSignalLength
                0x0001ac84                NDOFORIENT_GetMagnObservDistortionSignalLength
                0x0001ac98                NDOFORIENT_SetMagnObservNoDistortionDetectionTime
                0x0001acac                NDOFORIENT_GetMagnObservNoDistortionDetectionTime
                0x0001acc0                NDOFORIENT_SetMagnObservStrongDistortionDetectionThreshold
                0x0001ace0                NDOFORIENT_GetMagnObservStrongDistortionDetectionThreshold
                0x0001acf4                NDOFORIENT_SetMagnCouplingFactor
                0x0001ad08                NDOFORIENT_GetMagnCouplingFactor
                0x0001ad1c                NDOFORIENT_SetMagnCouplingThreshold
                0x0001ad30                NDOFORIENT_GetMagnCouplingThreshold
                0x0001ad44                NDOFORIENT_SetMagnCouplingDeltaThreshold
                0x0001ad58                NDOFORIENT_GetMagnCouplingDeltaThreshold
                0x0001ad6c                NDOFORIENT_SetMagnCouplingTimerThreshold
                0x0001ad80                NDOFORIENT_GetMagnCouplingTimerThreshold
                0x0001ad94                NDOFORIENT_SetMagnCouplingGyroRateThreshold
                0x0001ada8                NDOFORIENT_GetMagnCouplingGyroRateThreshold
                0x0001adbc                NDOFORIENT_SetMagnCouplingHorizontalFieldStrengthThreshold
                0x0001add0                NDOFORIENT_GetMagnCouplingHorizontalFieldStrengthThreshold
                0x0001ade4                NDOFORIENT_SetQuaternionIntegrationThreshold
                0x0001adf4                NDOFORIENT_SetHeadingAccuracyBaseThreshold
                0x0001ae04                NDOFORIENT_SetHeadingAccuracyMinimum
                0x0001ae14                NDOFORIENT_GetQuaternionIntegrationThreshold
                0x0001ae28                NDOFORIENT_SetDynamicMagCouplingParameterSettings
                0x0001ae5c                NDOFORIENT_GetDynamicMagCouplingParameterSettings
                0x0001ae84                NDOFORIENT_SetNdofQuaternion
                0x0001aec0                NDOFORIENT_GetNdofQuaternion
                0x0001aee8                NDOFORIENT_GetNdofOrientation
                0x0001af14                NDOFORIENT_GetImuQuaternion
                0x0001af44                NDOFORIENT_GetImuOrientation
                0x0001af98                NDOFORIENT_GetGvector
                0x0001afdc                NDOFORIENT_GetDcm
                0x0001aff4                NDOFORIENT_GetAccelCouplingStatus
                0x0001b008                NDOFORIENT_GetMagCouplingStatus
                0x0001b01c                NDOFORIENT_GetOrientAccuracyStatus
                0x0001b030                NDOFORIENT_GetHeadingAccuracyRad
                0x0001b044                NDOFORIENT_GetHeadingAccuracyStatus
                0x0001b058                NDOFORIENT_CalculateAngle
                0x0001b0dc                NDOFORIENT_CalculateHeadingAccuracy
                0x0001b254                NDOFORIENT_DoStep
                0x0001bb50                NDOFORIENT_UpdateBuffer
                0x0001bb7c                NDOFORIENT_UpdatingHeadingAccuracyStatus
                0x0001bc00                ORIENTSENSOR_GetHeading
                0x0001bc50                ORIENTSENSOR_GetPitch
                0x0001bd40                ORIENTSENSOR_GetRoll
                0x0001bd80                ORIENTSENSOR_CalcRotQuat
                0x0001bf88                ORIENTSENSOR_QuatConj
                0x0001bfa4                ORIENTSENSOR_QuatMult
                0x0001c03c                ORIENTSENSOR_QuatRotVect
                0x0001c148                ORIENTSENSOR_TiltCompensation
                0x0001c1dc                ORIENTSENSOR_GetQuaternion
                0x0001c34c                ORIENTSENSOR_GetEuler
                0x0001c4a0                ORIENTSENSOR_QuatRotVectf32
                0x0001c638                flipgesture_init
                0x0001c678                flipgesture_run
                0x0001c750                flipgesture_set_flipangle
                0x0001c7f4                flipgesture_get_flipangle
                0x0001c8f8                flipgesture_set_flipstate_detecttime
                0x0001c954                flipgesture_get_flipstate_detecttime
                0x0001c964                flipgesture_get_flipstatus
                0x0001c974                ACCCALIB_GetVersion
                0x0001c984                ACCCALIB_Init
                0x0001cb18                ACCCALIB_Set_ConfigProfile
                0x0001cbb8                ACCCALIB_Reset
                0x0001cc0c                ACCCALIB_SetOperationMode
                0x0001cc1c                ACCCALIB_SetGravityLimits
                0x0001cc38                ACCCALIB_SetAccuracyThreshold
                0x0001cc48                ACCCALIB_SetCalibParam
                0x0001ccc8                ACCCALIB_SetAccuracy
                0x0001ccd8                ACCCALIB_SetConfigProfile
                0x0001ce48                ACCCALIB_SetOrientationThreshold
                0x0001ce58                ACCCALIB_SetDynamicThreshold
                0x0001ce68                ACCCALIB_GetDynamic
                0x0001ce7c                ACCCALIB_GetOperationMode
                0x0001ce90                ACCCALIB_GetCalibFlag
                0x0001cea4                ACCCALIB_GetOneGflag
                0x0001ceb8                ACCCALIB_GetCalibParam
                0x0001cee0                ACCCALIB_GetOffset
                0x0001cf00                ACCCALIB_GetAccuracy
                0x0001cf14                ACCCALIB_GetConfigProfile
                0x0001cfc0                ACCCALIB_RunDynamicLevelMonitoring
                0x0001d01c                ACCCALIB_RunGravityCheck
                0x0001d06c                ACCCALIB_RunOrientationChangeMonitoring
                0x0001d270                ACCCALIB_RunDataSelection
                0x0001d298                ACCCALIB_RunCalibration
                0x0001d35c                ACCCALIB_Run
                0x0001d574                ACCCALIB_DoStep
                0x0001d5a8                ACCCALIB_RunAccuracyMonitoring
                0x0001d630                DATASELECT_Init
                0x0001d684                DATASELECT_Run
                0x0001da14                DATASELECT_Reset
                0x0001da20                DATASELECT_GetClusterPts
                0x0001da8c                DATASELECT_SetClusterSize
                0x0001daa8                EKF_Init
                0x0001daf4                EKF_Run
                0x0001dcdc                EKF_InitSysParam
                0x0001dd00                EKF_SetCovariance
                0x0001dd18                EKF_SetProcessNoise
                0x0001dd30                EKF_GetProcessNoise
                0x0001dd40                EKF_SetMeasureNoise
                0x0001dd48                EKF_GetSphereParam
                0x0001de28                EKF_SensorErrorModel
                0x0001de8c                EKF_ObservationModel
                0x0001deec                EKF_ObservationModel_SphereCosPhi
                0x0001dfb0                MAGCALIB_GetVersion
                0x0001dfc0                MAGCALIB_DoStep
                0x0001e7b8                MAGCALIB_SetProcessNoise
                0x0001e7cc                MAGCALIB_GetProcessNoise
                0x0001e7e0                MAGCALIB_SetAccurDistResetFlag
                0x0001e7f0                MAGCALIB_GetAccurDistResetFlag
                0x0001e804                MAGCALIB_SetRefValue
                0x0001e834                MAGCALIB_GetAccurBuferSize
                0x0001e848                MAGCALIB_initAccurBuff
                0x0001e88c                MAGCALIB_SetOperationMode
                0x0001e89c                MAGCALIB_GetOperationMode
                0x0001e8b0                MAGCALIB_GetOffset
                0x0001e8d0                MAGCALIB_GetAccuracy
                0x0001e8f0                MAGCALIB_GetAccuracyExt
                0x0001e904                MAGCALIB_SetAccuracy
                0x0001e914                MAGCALIB_SetAccuracyExt
                0x0001e924                MAGCALIB_Reset
                0x0001e9d8                MAGCALIB_Set_ConfigProfile
                0x0001eb54                MAGCALIB_Init
                0x0001ecf4                MAGCALIB_SetConfigProfile
                0x0001f06c                MAGCALIB_SetMeasurementRange
                0x0001f0b0                MAGCALIB_GetMeasurementRange
                0x0001f10c                MAGCALIB_SetLsbTouTforInputs
                0x0001f18c                MAGCALIB_SetCalibParam
                0x0001f3e0                MAGCALIB_SetAccuracyThreshold
                0x0001f3f0                MAGCALIB_SetAccuracyBreakDwnThreshold
                0x0001f400                MAGCALIB_GetDynamic
                0x0001f414                MAGCALIB_GetDistortion
                0x0001f428                MAGCALIB_GetCalibFlag
                0x0001f43c                MAGCALIB_GetCalibParam
                0x0001f4a4                ACCELOBSERVER_Init
                0x0001f534                ACCELOBSERVER_DoStep
                0x0001f69c                ACCELOBSERVER_SetParameterSettings
                0x0001f6b0                ACCELOBSERVER_GetAccelDynamicDetectionThreshold
                0x0001f6b8                ACCELOBSERVER_GetDynamicDetectionBandwidth
                0x0001f6c0                ACCELOBSERVER_GetNODynamicDetectionTime
                0x0001f6c8                ACCELOBSERVER_GetOneGThreshold
                0x0001f6dc                ACCELOBSERVER_Reset
                0x0001f6e8                ACCELOBSERVER_GetDynamicStatus
                0x0001f6f0                ACCELOBSERVER_GetOneGStatus
                0x0001f6f8                MAGOBSERVER_Init
                0x0001f7a0                MAGOBSERVER_Reset
                0x0001f7bc                MAGOBSERVER_DoStep
                0x0001fb30                MAGOBSERVER_SetStrongDistortionDetectionThreshold
                0x0001fb50                MAGOBSERVER_GetStrongDistortionDetectionThreshold
                0x0001fb64                MAGOBSERVER_SetNoDistortionDetectionTime
                0x0001fb6c                MAGOBSERVER_GetNoDistortionDetectionTime
                0x0001fb78                MAGOBSERVER_SetDistortionDetectionThreshold
                0x0001fb9c                MAGOBSERVER_GetDistortionDetectionThreshold
                0x0001fbb4                MAGOBSERVER_SetDistortionSignalLength
                0x0001fbbc                MAGOBSERVER_GetDistortionSignalLength
                0x0001fbc8                MAGOBSERVER4DYN_Init
                0x0001fc14                MAGOBSERVER4DYN_Reset
                0x0001fc50                MAGOBSERVER4DYN_DoStep
                0x0001ff3c                MAGOBSERVER4DYN_SetDynamicDetectionThreshold
                0x0001ff44                MAGOBSERVER4DYN_GetDynamicDetectionThreshold
                0x0001ff50                MAGOBSERVER4DYN_SetNoDynamicDetectionTime
                0x0001ff58                MAGOBSERVER4DYN_GetNoDynamicDetectionTime
                0x0001ff64                GYROCALIB_GetVersion
                0x0001ff74                GYROCALIB_Init
                0x0001ffd0                GYROCALIB_DoStep
                0x00020554                GYROCALIB_Reset
                0x00020578                GYROCALIB_ResetGyroOffset
                0x00020590                GYROCALIB_ResetObservationEngines
                0x000205a0                GYROCALIB_SetAccuracy
                0x000205b0                GYROCALIB_GetAccuracy
                0x000205c4                GYROCALIB_SetGyroCalibrationSettings
                0x00020640                GYROCALIB_SetShakeDetectionSettings
                0x00020658                GYROCALIB_GetShakeStatus
                0x0002066c                GYROCALIB_SetGyroObservDynamicDetectionThreshold
                0x00020680                GYROCALIB_GetGyroObservDynamicDetectionThreshold
                0x00020694                GYROCALIB_SetGyroObservNoDynamicDetectionTime
                0x000206a8                GYROCALIB_GetGyroObservNoDynamicDetectionTime
                0x000206bc                GYROCALIB_SetGyroOffsetThreshold
                0x000206cc                GYROCALIB_GetGyroOffsetThreshold
                0x000206e0                GYROCALIB_SetOperationMode
                0x000206f0                GYROCALIB_GetOperationMode
                0x00020704                GYROCALIB_GetCalibParam
                0x0002071c                GYROCALIB_SetCalibParam
                0x00020740                GYROCALIB_GetCalibStatus
                0x00020754                GYROCALIB_UpdateOffsetStepwise
                0x000207e4                FASTMAGCALIB_Init
                0x0002085c                FASTMAGCALIB_DoPreProcess
                0x000208c4                FASTMAGCALIB_DoProcess
                0x00020a48                FASTMAGCALIB_DoPostProcess
                0x00020ae8                FASTMAGCALIB_GetOpMode
                0x00020afc                FASTMAGCALIB_SetOpMode
                0x00020b0c                FASTMAGCALIB_GetOffsets
                0x00020bdc                FASTMAGCALIB_GetAccuracy
                0x00020bf0                FASTMAGCALIB_SetAccuracy
                0x00020c00                FASTMAGCALIB_GetState
                0x00020c14                FASTMAGCALIB_SetState
                0x00020c24                FASTMAGCALIB_Reset
                0x00020c3c                FASTMAGCALIB_ResetMagRef
                0x00020c48                FASTMAGCALIB_GetCalibStatus
                0x00020c5c                FASTMAGCALIB_GetCalibParam
                0x00020cac                FASTMAGCALIB_SetCalibParam
                0x00020cfc                FASTMAGCALIB_GetResidualMax
                0x00020d08                FASTMAGCALIB_GetCheckDynamic
                0x00020dbc                FASTMAGCALIB_GetSelectData
                0x00020ef8                FASTMAGCALIB_GetCovMatrixMax
                0x00020f04                FASTMAGCALIB_GetDistortionStatus
                0x00020f08                FASTMAGCALIB_SetConfigParam
                0x00021110                FASTMAGCALIB_setconfigparam
                0x0002124c                FASTMAGCALIB_GetConfigParam
                0x0002150c                FASTMAGSTATEMACHINE_Init
                0x000215e4                FASTMAGSTATEMACHINE_InitStart
                0x00021604                FASTMAGSTATEMACHINE_InitStop
                0x00021618                FASTMAGSTATEMACHINE_InitReset
                0x0002162c                FASTMAGSTATEMACHINE_GetState
                0x00021640                FASTMAGSTATEMACHINE_GetCovMatrixMax
                0x00021654                FASTMAGSTATEMACHINE_GetLimits
                0x00021678                FASTMAGSTATEMACHINE_GetResidualMax
                0x0002168c                FASTMAGSTATEMACHINE_Reset
                0x000216cc                FASTMAGSTATEMACHINE_Stop
                0x0002170c                FASTMAGSTATEMACHINE_MainRun
                0x00021aa8                FASTMAGSTATEMACHINE_GetOffsets
                0x00021ac8                FASTMAGSTATEMACHINE_GetRadius
                0x00021adc                FASTMAGSTATEMACHINE_SetCalibParam
                0x00021b50                FASTMAGSTATEMACHINE_ResetMagRef
                0x00021b7c                FASTMAGSTATEMACHINE_GetMagVector
                0x00021b90                FASTMAGSTATEMACHINE_GetAccuracy
                0x00021be0                FASTMAGSTATEMACHINE_GetDistortionStatus
                0x00021bfc                MATH_VectorLength
                0x00021c38                MATH_GetMaxFL
                0x00021cb4                MATH_GetMinMax
                0x00021d4c                MATH_GetMax
                0x00021db8                MATH_GetMin
                0x00021e24                MATH_UpdateFIFOBufferXYZ
                0x00021e54                MATH_UpdateFIFOBufferXYZF32
                0x00021e84                MATH_UpdateFIFOBufferF32
                0x00021ea0                MATH_UpdateFIFOBuffer
                0x00021ebc                MATH_Mean
                0x00021f50                MATH_MeanFL
                0x00021fc0                MATH_Variance
                0x00022098                MATH_StandardDeviation
                0x00022214                Math_CalcVariance
                0x00022490                quatmath_multiplication
                0x000225d8                quatmath_multiplicationS
                0x000226e8                quatmath_conjugate_multiplication
                0x00022974                quatmath_normalization
                0x00022a4c                quatmath_reset
                0x00022a60                quatmath_conjugate
                0x00022a90                quatmath_pointRot
                0x00022cdc                quatmath_angularRateToQuat
                0x00022e74                quatmath_angularRate2Quat4Fmc
                0x00022f48                quatmath_updateOrientation
                0x000230d0                quatmath_quat2Vector
                0x000230f4                quatmath_vector2Quat
                0x0002310c                quatmath_calcRotQuat
                0x0002315c                quatmath_calcRotQuatS
                0x000231ac                quatmath_getGravity
                0x00023250                quatmath_getEulerAngle
                0x00023c24                quatmath_getDcm
                0x00023d50                quatmath_getDcmFrame
                0x00023e80                invSqrtF
                0x00023f5c                invSqrt
                0x000240e0                ADAPTFILTER_Init
                0x00024128                ADAPTFILTER_Reset
                0x00024144                ADAPTFILTER_Run
                0x00024458                ADAPTFILTER_SetBaseCoef
                0x00024468                ADAPTFILTER_GetBaseCoef
                0x00024474                ADAPTFILTER_SetDynProcess
                0x00024484                ADAPTFILTER_GetDynProcess
                0x00024490                ADAPTFILTER_SetMaxDyn
                0x00024498                ADAPTFILTER_SetNoise
                0x000244a0                ADAPTFILTER_GetNoise
                0x000244a8                IMUOPERATION_Init
                0x00024594                IMUOPERATION_CalMotion
                0x000245d8                IMUOPERATION_Reset
                0x000245f0                IMUOPERATION_SetRestartFlag
                0x00024600                IMUOPERATION_ACCURACYEVALUATION
                0x00024670                IMUOPERATION_SetShakeCouplingParam
                0x0002467c                IMUOPERATION_SetAccelCouplingFactor
                0x00024684                IMUOPERATION_GetAccelCouplingFactor
                0x00024690                IMUOPERATION_SetAccelCouplingThreshold
                0x00024698                IMUOPERATION_GetAccelCouplingThreshold
                0x000246a4                IMUOPERATION_SetAccelCouplingDeltaThreshold
                0x000246ac                IMUOPERATION_GetAccelCouplingDeltaThreshold
                0x000246b8                IMUOPERATION_SetAccelCouplingTimerThreshold
                0x000246c0                IMUOPERATION_GetAccelCouplingTimerThreshold
                0x000246cc                IMUOPERATION_SetAccelCouplingGyroRateThreshold
                0x000246d4                IMUOPERATION_GetAccelCouplingGyroRateThreshold
                0x000246e0                IMUOPERATION_SetMagCouplingFactor
                0x000246e8                IMUOPERATION_GetMagCouplingFactor
                0x000246f4                IMUOPERATION_SetMagCouplingThreshold
                0x000246fc                IMUOPERATION_GetMagCouplingThreshold
                0x00024708                IMUOPERATION_SetMagCouplingDeltaThreshold
                0x00024710                IMUOPERATION_GetMagCouplingDeltaThreshold
                0x0002471c                IMUOPERATION_SetMagCouplingTimerThreshold
                0x00024724                IMUOPERATION_GetMagCouplingTimerThreshold
                0x00024730                IMUOPERATION_SetMagCouplingGyroRateThreshold
                0x00024738                IMUOPERATION_GetMagCouplingGyroRateThreshold
                0x00024744                IMUOPERATION_SetMagnCouplingHorizontalFieldStrengthThreshold
                0x0002474c                IMUOPERATION_GetMagnCouplingHorizontalFieldStrengthThreshold
                0x00024758                IMUOPERATION_SetMagnCouplingGyroRateThreshold
                0x00024760                IMUOPERATION_GetMagnCouplingGyroRateThreshold
                0x0002476c                IMUOPERATIONS_SetMagCouplingDynamicOpmode
                0x00024774                IMUOPERATIONS_GetMagCouplingDynamicOpmode
                0x0002477c                IMUOPERATIONS_SetDynamicMagCouplingParameterSettings
                0x00024790                IMUOPERATIONS_GetDynamicMagCouplingParameterSettings
                0x000247b4                IMUOPERATION_GetQuatFromRotation
                0x00024890                IMUOPERATION_GetDelayedQuaternion
                0x000248c4                IMUOPERATION_SaveQuaternion
                0x000248e8                acccalibconfig_setDefaultConfig
                0x00024958                fmcconfig_setDefaultConfig
                0x00024b44                magcalibconfig_setDefaultConfig
                0x00024c70                GYROOBSERVER_Init
                0x00024ce0                GYROOBSERVER_DynamicDetection
                0x00025010                GYROOBSERVER_DoStep
                0x00025020                GYROOBSERVER_Reset
                0x00025038                GYROOBSERVER_SetShakeDetectionParam
                0x00025044                GYROOBSERVER_GetShakeStatus
                0x00025050                GYROOBSERVER_SetDynamicDetectionThreshold
                0x00025058                GYROOBSERVER_GetDynamicDetectionThreshold
                0x00025064                GYROOBSERVER_SetNoDynamicDetectionTime
                0x0002506c                GYROOBSERVER_GetNoDynamicDetectionTime
                0x00025078                FMCKALMAN_Init
                0x00025148                FMCKALMAN_Predict
                0x000251ac                FMCKALMAN_Correct
                0x00025304                FMCKALMAN_Get_Offset
                0x00025318                FMCKALMAN_Set_Offset
                0x0002532c                FMCKALMAN_Get_Radius
                0x0002538c                FMCKALMAN_Get_MagVector
                0x000253a0                FMCKALMAN_Get_MaxCov
                0x000253c4                FMCKALMAN_Get_MaxCovOffset
                0x000253f0                FMCKALMAN_Set_CovOffset
                0x00025424                FMCKALMAN_Set_CovMagRef
                0x00025458                FMCKALMAN_Get_Residual
                0x00025498                FMCKALMAN_GetResidualfromMeas
                0x000254c8                orientmath__getVersion
                0x000254d8                orientmath_get_PitchRollFromGravity
                0x00025570                orientmath_getHeading
                0x000255b0                orientmath_calcAngle
                0x000256c8                orientmath_calcAngleS
                0x000257a0                orientmath_crossProduct
                0x0002581c                orientmath_crossProductS
                0x000258bc                orientmath_axisAng2Quat
 .text.Retcode_getPackage
                0x00025964       0x38 ./../Platform/SensorToolbox/release/libSensorToolbox.a
 .text.Orientation_init
                0x0002599c       0x4c ./../Platform/SensorToolbox/release/libSensorToolbox.a
                0x0002599c                Orientation_init
 .text.mutexTake
                0x000259e8       0x7c ./../Platform/SensorToolbox/release/libSensorToolbox.a
 .text.mutexGive
                0x00025a64       0x64 ./../Platform/SensorToolbox/release/libSensorToolbox.a
 .text.fingerPrintBaseSensorInit
                0x00025ac8       0xdc ./../Platform/SensorToolbox/release/libSensorToolbox.a
 .text.bsxBaseSensorInit
                0x00025ba4      0x19c ./../Platform/SensorToolbox/release/libSensorToolbox.a
 .text.bsxAlgoInit
                0x00025d40       0xb8 ./../Platform/SensorToolbox/release/libSensorToolbox.a
 .text.VirtualSensor_mainProcess
                0x00025df8      0x464 ./../Platform/SensorToolbox/release/libSensorToolbox.a
                0x00025df8                VirtualSensor_mainProcess
 .text.bsxSensorFusionInit
                0x0002625c      0x154 ./../Platform/SensorToolbox/release/libSensorToolbox.a
 .text.stepCounterSensorInit
                0x000263b0       0xa0 ./../Platform/SensorToolbox/release/libSensorToolbox.a
 .text.environmentalSensorInit
                0x00026450       0xcc ./../Platform/SensorToolbox/release/libSensorToolbox.a
 .text.fingerPrintInit
                0x0002651c       0x9c ./../Platform/SensorToolbox/release/libSensorToolbox.a
 .text.VirtualSensor_init
                0x000265b8       0xdc ./../Platform/SensorToolbox/release/libSensorToolbox.a
                0x000265b8                VirtualSensor_init
 .text.sl_NetAppStop
                0x00026694       0x58 ./../Libraries/WiFi/TI/../BCDS_Customization/debug/libWifiLib_efm32_debug.a(netapp.o)
                0x00026694                sl_NetAppStop
 .text._sl_HandleAsync_DnsGetHostByService
                0x000266ec      0x114 ./../Libraries/WiFi/TI/../BCDS_Customization/debug/libWifiLib_efm32_debug.a(netapp.o)
                0x000266ec                _sl_HandleAsync_DnsGetHostByService
 .text.sl_NetAppDnsGetHostByName
                0x00026800      0x194 ./../Libraries/WiFi/TI/../BCDS_Customization/debug/libWifiLib_efm32_debug.a(netapp.o)
                0x00026800                sl_NetAppDnsGetHostByName
 .text._sl_HandleAsync_DnsGetHostByName
                0x00026994      0x108 ./../Libraries/WiFi/TI/../BCDS_Customization/debug/libWifiLib_efm32_debug.a(netapp.o)
                0x00026994                _sl_HandleAsync_DnsGetHostByName
 .text.CopyPingResultsToReport
                0x00026a9c       0x44 ./../Libraries/WiFi/TI/../BCDS_Customization/debug/libWifiLib_efm32_debug.a(netapp.o)
 .text._sl_HandleAsync_PingResponse
                0x00026ae0       0xf4 ./../Libraries/WiFi/TI/../BCDS_Customization/debug/libWifiLib_efm32_debug.a(netapp.o)
                0x00026ae0                _sl_HandleAsync_PingResponse
 .text._sl_NetAppSendTokenValue
                0x00026bd4       0x88 ./../Libraries/WiFi/TI/../BCDS_Customization/debug/libWifiLib_efm32_debug.a(netapp.o)
                0x00026bd4                _sl_NetAppSendTokenValue
 .text._SlDrvNetAppEventHandler
                0x00026c5c      0x148 ./../Libraries/WiFi/TI/../BCDS_Customization/debug/libWifiLib_efm32_debug.a(netapp.o)
                0x00026c5c                _SlDrvNetAppEventHandler
 .text._sl_BuildAddress
                0x00026da4       0x60 ./../Libraries/WiFi/TI/../BCDS_Customization/debug/libWifiLib_efm32_debug.a(socket.o)
 .text._sl_TruncatePayloadByProtocol
                0x00026e04       0x44 ./../Libraries/WiFi/TI/../BCDS_Customization/debug/libWifiLib_efm32_debug.a(socket.o)
 .text.sl_Socket
                0x00026e48       0x7c ./../Libraries/WiFi/TI/../BCDS_Customization/debug/libWifiLib_efm32_debug.a(socket.o)
                0x00026e48                sl_Socket
 .text.sl_Close
                0x00026ec4       0x5c ./../Libraries/WiFi/TI/../BCDS_Customization/debug/libWifiLib_efm32_debug.a(socket.o)
                0x00026ec4                sl_Close
 .text.sl_Connect
                0x00026f20      0x1b0 ./../Libraries/WiFi/TI/../BCDS_Customization/debug/libWifiLib_efm32_debug.a(socket.o)
                0x00026f20                sl_Connect
 .text._sl_HandleAsync_Connect
                0x000270d0       0xd4 ./../Libraries/WiFi/TI/../BCDS_Customization/debug/libWifiLib_efm32_debug.a(socket.o)
                0x000270d0                _sl_HandleAsync_Connect
 .text.sl_Send  0x000271a4      0x124 ./../Libraries/WiFi/TI/../BCDS_Customization/debug/libWifiLib_efm32_debug.a(socket.o)
                0x000271a4                sl_Send
 .text.sl_Htonl
                0x000272c8       0x58 ./../Libraries/WiFi/TI/../BCDS_Customization/debug/libWifiLib_efm32_debug.a(socket.o)
                0x000272c8                sl_Htonl
 .text.sl_Htons
                0x00027320       0x48 ./../Libraries/WiFi/TI/../BCDS_Customization/debug/libWifiLib_efm32_debug.a(socket.o)
                0x00027320                sl_Htons
 .text._sl_HandleAsync_Accept
                0x00027368       0xa8 ./../Libraries/WiFi/TI/../BCDS_Customization/debug/libWifiLib_efm32_debug.a(socket.o)
                0x00027368                _sl_HandleAsync_Accept
 .text._sl_HandleAsync_Select
                0x00027410       0x94 ./../Libraries/WiFi/TI/../BCDS_Customization/debug/libWifiLib_efm32_debug.a(socket.o)
                0x00027410                _sl_HandleAsync_Select
 .text.sl_Recv  0x000274a4       0x90 ./../Libraries/WiFi/TI/../BCDS_Customization/debug/libWifiLib_efm32_debug.a(socket.o)
                0x000274a4                sl_Recv
 .text.sl_Select
                0x00027534      0x188 ./../Libraries/WiFi/TI/../BCDS_Customization/debug/libWifiLib_efm32_debug.a(socket.o)
                0x00027534                sl_Select
 .text.SL_FD_SET
                0x000276bc       0x30 ./../Libraries/WiFi/TI/../BCDS_Customization/debug/libWifiLib_efm32_debug.a(socket.o)
                0x000276bc                SL_FD_SET
 .text.SL_FD_ZERO
                0x000276ec       0x1c ./../Libraries/WiFi/TI/../BCDS_Customization/debug/libWifiLib_efm32_debug.a(socket.o)
                0x000276ec                SL_FD_ZERO
 .text._SlDrvProtectAsyncRespSetting
                0x00027708       0x5c ./../Libraries/WiFi/TI/../BCDS_Customization/debug/libWifiLib_efm32_debug.a(driver.o)
                0x00027708                _SlDrvProtectAsyncRespSetting
 .text._SlDrvDriverCBInit
                0x00027764      0x25c ./../Libraries/WiFi/TI/../BCDS_Customization/debug/libWifiLib_efm32_debug.a(driver.o)
                0x00027764                _SlDrvDriverCBInit
 .text._SlDrvDriverCBDeinit
                0x000279c0      0x190 ./../Libraries/WiFi/TI/../BCDS_Customization/debug/libWifiLib_efm32_debug.a(driver.o)
                0x000279c0                _SlDrvDriverCBDeinit
 .text._SlDrvRxIrqHandler
                0x00027b50       0x84 ./../Libraries/WiFi/TI/../BCDS_Customization/debug/libWifiLib_efm32_debug.a(driver.o)
                0x00027b50                _SlDrvRxIrqHandler
 .text._SlDrvCmdOp
                0x00027bd4       0xe4 ./../Libraries/WiFi/TI/../BCDS_Customization/debug/libWifiLib_efm32_debug.a(driver.o)
                0x00027bd4                _SlDrvCmdOp
 .text._SlDrvDataReadOp
                0x00027cb8      0x270 ./../Libraries/WiFi/TI/../BCDS_Customization/debug/libWifiLib_efm32_debug.a(driver.o)
                0x00027cb8                _SlDrvDataReadOp
 .text._SlDrvDataWriteOp
                0x00027f28      0x1c8 ./../Libraries/WiFi/TI/../BCDS_Customization/debug/libWifiLib_efm32_debug.a(driver.o)
                0x00027f28                _SlDrvDataWriteOp
 .text._SlDrvMsgWrite
                0x000280f0      0x248 ./../Libraries/WiFi/TI/../BCDS_Customization/debug/libWifiLib_efm32_debug.a(driver.o)
 .text._SlDrvMsgRead
                0x00028338      0x7a4 ./../Libraries/WiFi/TI/../BCDS_Customization/debug/libWifiLib_efm32_debug.a(driver.o)
 .text._SlAsyncEventGenericHandler
                0x00028adc      0x120 ./../Libraries/WiFi/TI/../BCDS_Customization/debug/libWifiLib_efm32_debug.a(driver.o)
 .text._SlDrvMsgReadCmdCtx
                0x00028bfc      0x19c ./../Libraries/WiFi/TI/../BCDS_Customization/debug/libWifiLib_efm32_debug.a(driver.o)
 .text._SlDrvMsgReadSpawnCtx
                0x00028d98      0x10c ./../Libraries/WiFi/TI/../BCDS_Customization/debug/libWifiLib_efm32_debug.a(driver.o)
                0x00028d98                _SlDrvMsgReadSpawnCtx
 .text._SlDrvClassifyRxMsg
                0x00028ea4       0xf0 ./../Libraries/WiFi/TI/../BCDS_Customization/debug/libWifiLib_efm32_debug.a(driver.o)
 .text._SlDrvRxHdrRead
                0x00028f94      0x2d4 ./../Libraries/WiFi/TI/../BCDS_Customization/debug/libWifiLib_efm32_debug.a(driver.o)
 .text._SlDrvCmdSend
                0x00029268       0x9c ./../Libraries/WiFi/TI/../BCDS_Customization/debug/libWifiLib_efm32_debug.a(driver.o)
                0x00029268                _SlDrvCmdSend
 .text._SlDrvWaitForPoolObj
                0x00029304      0x254 ./../Libraries/WiFi/TI/../BCDS_Customization/debug/libWifiLib_efm32_debug.a(driver.o)
                0x00029304                _SlDrvWaitForPoolObj
 .text._SlDrvReleasePoolObj
                0x00029558      0x2fc ./../Libraries/WiFi/TI/../BCDS_Customization/debug/libWifiLib_efm32_debug.a(driver.o)
                0x00029558                _SlDrvReleasePoolObj
 .text._SlRemoveFromList
                0x00029854      0x114 ./../Libraries/WiFi/TI/../BCDS_Customization/debug/libWifiLib_efm32_debug.a(driver.o)
 .text._SlFindAndSetActiveObj
                0x00029968      0x1f4 ./../Libraries/WiFi/TI/../BCDS_Customization/debug/libWifiLib_efm32_debug.a(driver.o)
 .text._SlDrvDispatchHttpServerEvents
                0x00029b5c       0x1c ./../Libraries/WiFi/TI/../BCDS_Customization/debug/libWifiLib_efm32_debug.a(driver.o)
                0x00029b5c                _SlDrvDispatchHttpServerEvents
 .text._SlDrvSyncObjSignal
                0x00029b78       0x30 ./../Libraries/WiFi/TI/../BCDS_Customization/debug/libWifiLib_efm32_debug.a(driver.o)
                0x00029b78                _SlDrvSyncObjSignal
 .text._SlDrvObjLockWaitForever
                0x00029ba8       0x34 ./../Libraries/WiFi/TI/../BCDS_Customization/debug/libWifiLib_efm32_debug.a(driver.o)
                0x00029ba8                _SlDrvObjLockWaitForever
 .text._SlDrvProtectionObjLockWaitForever
                0x00029bdc       0x40 ./../Libraries/WiFi/TI/../BCDS_Customization/debug/libWifiLib_efm32_debug.a(driver.o)
                0x00029bdc                _SlDrvProtectionObjLockWaitForever
 .text._SlDrvObjUnLock
                0x00029c1c       0x30 ./../Libraries/WiFi/TI/../BCDS_Customization/debug/libWifiLib_efm32_debug.a(driver.o)
                0x00029c1c                _SlDrvObjUnLock
 .text._SlDrvProtectionObjUnLock
                0x00029c4c       0x3c ./../Libraries/WiFi/TI/../BCDS_Customization/debug/libWifiLib_efm32_debug.a(driver.o)
                0x00029c4c                _SlDrvProtectionObjUnLock
 .text._SlDrvObjGlobalLockWaitForever
                0x00029c88       0x3c ./../Libraries/WiFi/TI/../BCDS_Customization/debug/libWifiLib_efm32_debug.a(driver.o)
 .text._SlDrvGlobalObjUnLock
                0x00029cc4       0x3c ./../Libraries/WiFi/TI/../BCDS_Customization/debug/libWifiLib_efm32_debug.a(driver.o)
                0x00029cc4                _SlDrvGlobalObjUnLock
 .text._SlDrvMemZero
                0x00029d00       0x24 ./../Libraries/WiFi/TI/../BCDS_Customization/debug/libWifiLib_efm32_debug.a(driver.o)
                0x00029d00                _SlDrvMemZero
 .text._SlDrvResetCmdExt
                0x00029d24       0x1c ./../Libraries/WiFi/TI/../BCDS_Customization/debug/libWifiLib_efm32_debug.a(driver.o)
                0x00029d24                _SlDrvResetCmdExt
 .text._SlDrvSyncObjWaitForever
                0x00029d40       0x38 ./../Libraries/WiFi/TI/../BCDS_Customization/debug/libWifiLib_efm32_debug.a(driver.o)
                0x00029d40                _SlDrvSyncObjWaitForever
 .text._SlDrvSyncObjWaitTimeout
                0x00029d78       0x58 ./../Libraries/WiFi/TI/../BCDS_Customization/debug/libWifiLib_efm32_debug.a(driver.o)
                0x00029d78                _SlDrvSyncObjWaitTimeout
 .text._SlDriverHandleError
                0x00029dd0       0xb4 ./../Libraries/WiFi/TI/../BCDS_Customization/debug/libWifiLib_efm32_debug.a(driver.o)
                0x00029dd0                _SlDriverHandleError
 .text._sl_GetStartResponseConvert
                0x00029e84       0x28 ./../Libraries/WiFi/TI/../BCDS_Customization/debug/libWifiLib_efm32_debug.a(device.o)
 .text.sl_Start
                0x00029eac      0x130 ./../Libraries/WiFi/TI/../BCDS_Customization/debug/libWifiLib_efm32_debug.a(device.o)
                0x00029eac                sl_Start
 .text._sl_HandleAsync_InitComplete
                0x00029fdc       0xe8 ./../Libraries/WiFi/TI/../BCDS_Customization/debug/libWifiLib_efm32_debug.a(device.o)
                0x00029fdc                _sl_HandleAsync_InitComplete
 .text._sl_HandleAsync_Stop
                0x0002a0c4       0x90 ./../Libraries/WiFi/TI/../BCDS_Customization/debug/libWifiLib_efm32_debug.a(device.o)
                0x0002a0c4                _sl_HandleAsync_Stop
 .text.sl_Stop  0x0002a154      0x110 ./../Libraries/WiFi/TI/../BCDS_Customization/debug/libWifiLib_efm32_debug.a(device.o)
                0x0002a154                sl_Stop
 .text._SlDrvDeviceEventHandler
                0x0002a264       0xb8 ./../Libraries/WiFi/TI/../BCDS_Customization/debug/libWifiLib_efm32_debug.a(device.o)
                0x0002a264                _SlDrvDeviceEventHandler
 .text.NetworkConfig_SlNetAppEvtHdlr
                0x0002a31c       0xa0 ./../Platform/Wlan/debug/libWlan_efm32_debug.a(NetworkConfig.o)
                0x0002a31c                NetworkConfig_SlNetAppEvtHdlr
 .text.NetworkConfig_GetIpStatus
                0x0002a3bc       0x18 ./../Platform/Wlan/debug/libWlan_efm32_debug.a(NetworkConfig.o)
                0x0002a3bc                NetworkConfig_GetIpStatus
 .text.NetworkConfig_SetIpStatus
                0x0002a3d4       0x20 ./../Platform/Wlan/debug/libWlan_efm32_debug.a(NetworkConfig.o)
                0x0002a3d4                NetworkConfig_SetIpStatus
 .text.NetworkConfig_GetIpSettings
                0x0002a3f4       0xc0 ./../Platform/Wlan/debug/libWlan_efm32_debug.a(NetworkConfig.o)
                0x0002a3f4                NetworkConfig_GetIpSettings
 .text.NetworkConfig_SetIpDhcp
                0x0002a4b4       0xb4 ./../Platform/Wlan/debug/libWlan_efm32_debug.a(NetworkConfig.o)
                0x0002a4b4                NetworkConfig_SetIpDhcp
 .text.connectNonBlockingCall
                0x0002a568      0x18c ./../Platform/Wlan/debug/libWlan_efm32_debug.a(WlanConnect.o)
 .text.connectBlockingCall
                0x0002a6f4       0xd0 ./../Platform/Wlan/debug/libWlan_efm32_debug.a(WlanConnect.o)
 .text.WlanConnect_SlGeneralEventHdlr
                0x0002a7c4       0x9c ./../Platform/Wlan/debug/libWlan_efm32_debug.a(WlanConnect.o)
                0x0002a7c4                WlanConnect_SlGeneralEventHdlr
 .text.WlanConnect_SLWlanEventHdlr
                0x0002a860       0x6c ./../Platform/Wlan/debug/libWlan_efm32_debug.a(WlanConnect.o)
                0x0002a860                WlanConnect_SLWlanEventHdlr
 .text.WlanConnect_GetInitStatus
                0x0002a8cc       0x18 ./../Platform/Wlan/debug/libWlan_efm32_debug.a(WlanConnect.o)
                0x0002a8cc                WlanConnect_GetInitStatus
 .text.WlanConnect_Init
                0x0002a8e4       0xf4 ./../Platform/Wlan/debug/libWlan_efm32_debug.a(WlanConnect.o)
                0x0002a8e4                WlanConnect_Init
 .text.NonBlockingTimer
                0x0002a9d8       0xb0 ./../Platform/Wlan/debug/libWlan_efm32_debug.a(WlanConnect.o)
                0x0002a9d8                NonBlockingTimer
 .text.WlanConnect_WPA
                0x0002aa88       0xe0 ./../Platform/Wlan/debug/libWlan_efm32_debug.a(WlanConnect.o)
                0x0002aa88                WlanConnect_WPA
 .text.BITBAND_Peripheral
                0x0002ab68       0x30 ./../Platform/Wlan/debug/libWlan_efm32_debug.a(WlanDriver.o)
 .text.GPIO_IntClear
                0x0002ab98       0x20 ./../Platform/Wlan/debug/libWlan_efm32_debug.a(WlanDriver.o)
 .text.GPIO_PinOutClear
                0x0002abb8       0x4c ./../Platform/Wlan/debug/libWlan_efm32_debug.a(WlanDriver.o)
 .text.GPIO_PinOutSet
                0x0002ac04       0x4c ./../Platform/Wlan/debug/libWlan_efm32_debug.a(WlanDriver.o)
 .text.OsTime2Tick
                0x0002ac50       0x44 ./../Platform/Wlan/debug/libWlan_efm32_debug.a(WlanDriver.o)
 .text.DelayAPI
                0x0002ac94       0x48 ./../Platform/Wlan/debug/libWlan_efm32_debug.a(WlanDriver.o)
 .text.CreateSpawnQAndTask
                0x0002acdc       0x98 ./../Platform/Wlan/debug/libWlan_efm32_debug.a(WlanDriver.o)
 .text.WifiInterruptCallback
                0x0002ad74       0x24 ./../Platform/Wlan/debug/libWlan_efm32_debug.a(WlanDriver.o)
 .text.WlanDriver_Init
                0x0002ad98       0xc8 ./../Platform/Wlan/debug/libWlan_efm32_debug.a(WlanDriver.o)
                0x0002ad98                WlanDriver_Init
 .text.WlanDriver_RegInterruptHdlr
                0x0002ae60       0x34 ./../Platform/Wlan/debug/libWlan_efm32_debug.a(WlanDriver.o)
                0x0002ae60                WlanDriver_RegInterruptHdlr
 .text.WlanDriver_DeviceDisable
                0x0002ae94       0x14 ./../Platform/Wlan/debug/libWlan_efm32_debug.a(WlanDriver.o)
                0x0002ae94                WlanDriver_DeviceDisable
 .text.WlanDriver_DeviceEnable
                0x0002aea8       0x14 ./../Platform/Wlan/debug/libWlan_efm32_debug.a(WlanDriver.o)
                0x0002aea8                WlanDriver_DeviceEnable
 .text.WlanDriver_InterruptEnable
                0x0002aebc       0x1c ./../Platform/Wlan/debug/libWlan_efm32_debug.a(WlanDriver.o)
                0x0002aebc                WlanDriver_InterruptEnable
 .text.WlanDriver_InterruptDisable
                0x0002aed8       0x1c ./../Platform/Wlan/debug/libWlan_efm32_debug.a(WlanDriver.o)
                0x0002aed8                WlanDriver_InterruptDisable
 .text.WlanDriver_SlHttpServerCb
                0x0002aef4       0x14 ./../Platform/Wlan/debug/libWlan_efm32_debug.a(WlanDriver.o)
                0x0002aef4                WlanDriver_SlHttpServerCb
 .text.WlanDriver_SpiClose
                0x0002af08       0x3c ./../Platform/Wlan/debug/libWlan_efm32_debug.a(WlanDriver.o)
                0x0002af08                WlanDriver_SpiClose
 .text.WlanDriver_SpiOpen
                0x0002af44       0xe0 ./../Platform/Wlan/debug/libWlan_efm32_debug.a(WlanDriver.o)
                0x0002af44                WlanDriver_SpiOpen
 .text.WlanDriver_SpiWrite
                0x0002b024       0x60 ./../Platform/Wlan/debug/libWlan_efm32_debug.a(WlanDriver.o)
                0x0002b024                WlanDriver_SpiWrite
 .text.WlanDriver_SpiRead
                0x0002b084       0x58 ./../Platform/Wlan/debug/libWlan_efm32_debug.a(WlanDriver.o)
                0x0002b084                WlanDriver_SpiRead
 .text.WlanDriver_OsSyncObjectCreate
                0x0002b0dc       0x3c ./../Platform/Wlan/debug/libWlan_efm32_debug.a(WlanDriver.o)
                0x0002b0dc                WlanDriver_OsSyncObjectCreate
 .text.WlanDriver_OsSyncObjectDelete
                0x0002b118       0x30 ./../Platform/Wlan/debug/libWlan_efm32_debug.a(WlanDriver.o)
                0x0002b118                WlanDriver_OsSyncObjectDelete
 .text.WlanDriver_OsSyncObjectSignal
                0x0002b148       0x3c ./../Platform/Wlan/debug/libWlan_efm32_debug.a(WlanDriver.o)
                0x0002b148                WlanDriver_OsSyncObjectSignal
 .text.WlanDriver_OsSyncSignalFromISR
                0x0002b184       0x5c ./../Platform/Wlan/debug/libWlan_efm32_debug.a(WlanDriver.o)
                0x0002b184                WlanDriver_OsSyncSignalFromISR
 .text.WlanDriver_OsSyncObjectWait
                0x0002b1e0       0x4c ./../Platform/Wlan/debug/libWlan_efm32_debug.a(WlanDriver.o)
                0x0002b1e0                WlanDriver_OsSyncObjectWait
 .text.WlanDriver_OsLockObjectCreate
                0x0002b22c       0x34 ./../Platform/Wlan/debug/libWlan_efm32_debug.a(WlanDriver.o)
                0x0002b22c                WlanDriver_OsLockObjectCreate
 .text.WlanDriver_OsLockObjectDelete
                0x0002b260       0x2c ./../Platform/Wlan/debug/libWlan_efm32_debug.a(WlanDriver.o)
                0x0002b260                WlanDriver_OsLockObjectDelete
 .text.WlanDriver_OsLockObjectWait
                0x0002b28c       0x40 ./../Platform/Wlan/debug/libWlan_efm32_debug.a(WlanDriver.o)
                0x0002b28c                WlanDriver_OsLockObjectWait
 .text.WlanDriver_OsLockUnlock
                0x0002b2cc       0x44 ./../Platform/Wlan/debug/libWlan_efm32_debug.a(WlanDriver.o)
                0x0002b2cc                WlanDriver_OsLockUnlock
 .text.WlanDriver_SimpleLinkSpawnTask
                0x0002b310       0x68 ./../Platform/Wlan/debug/libWlan_efm32_debug.a(WlanDriver.o)
                0x0002b310                WlanDriver_SimpleLinkSpawnTask
 .text.WlanDriver_OsiSpawn
                0x0002b378       0xa4 ./../Platform/Wlan/debug/libWlan_efm32_debug.a(WlanDriver.o)
                0x0002b378                WlanDriver_OsiSpawn
 .text.Ip_convertAddrToString
                0x0002b41c       0x4c ./../Platform/ServalPAL_WiFi/release/libServalPalWifi_efm32.a(PAL_ip_cc.o)
                0x0002b41c                Ip_convertAddrToString
 .text.Ip_getMyIpAddr
                0x0002b468       0x2c ./../Platform/ServalPAL_WiFi/release/libServalPalWifi_efm32.a(PAL_ip_cc.o)
                0x0002b468                Ip_getMyIpAddr
 .text.Basics_htonl
                0x0002b494       0x1c ./../Platform/ServalPAL_WiFi/release/libServalPalWifi_efm32.a(PAL_ip_cc.o)
                0x0002b494                Basics_htonl
 .text.Retcode_getPackage
                0x0002b4b0       0x1c ./../Platform/Sensors/debug/libSensors_efm32_debug.a(Environmental.o)
 .text.bme280LibErrorMapping
                0x0002b4cc       0x48 ./../Platform/Sensors/debug/libSensors_efm32_debug.a(Environmental.o)
 .text.Environmental_init
                0x0002b514       0xa4 ./../Platform/Sensors/debug/libSensors_efm32_debug.a(Environmental.o)
                0x0002b514                Environmental_init
 .text.Environmental_readData
                0x0002b5b8       0xe0 ./../Platform/Sensors/debug/libSensors_efm32_debug.a(Environmental.o)
                0x0002b5b8                Environmental_readData
 .text.Retcode_getPackage
                0x0002b698       0x1c ./../Platform/Sensors/debug/libSensors_efm32_debug.a(Gyroscope.o)
 .text.bmg160LibErrorMapping
                0x0002b6b4       0x48 ./../Platform/Sensors/debug/libSensors_efm32_debug.a(Gyroscope.o)
 .text.BMI160_libErrorMapping
                0x0002b6fc       0x48 ./../Platform/Sensors/debug/libSensors_efm32_debug.a(Gyroscope.o)
 .text.Gyroscope_init
                0x0002b744       0xd0 ./../Platform/Sensors/debug/libSensors_efm32_debug.a(Gyroscope.o)
                0x0002b744                Gyroscope_init
 .text.Gyroscope_setBandwidth